Archive member included to satisfy reference by file (symbol)

c:/st/stm32cubeide_1.6.0/stm32cubeide/plugins/com.st.stm32cube.ide.mcu.externaltools.gnu-tools-for-stm32.9-2020-q2-update.win32_1.5.0.202011040924/tools/bin/../lib/gcc/arm-none-eabi/9.3.1/../../../../arm-none-eabi/lib/thumb/v7-m/nofp\libc_nano.a(lib_a-errno.o)
                              Core/Src/syscalls.o (__errno)
c:/st/stm32cubeide_1.6.0/stm32cubeide/plugins/com.st.stm32cube.ide.mcu.externaltools.gnu-tools-for-stm32.9-2020-q2-update.win32_1.5.0.202011040924/tools/bin/../lib/gcc/arm-none-eabi/9.3.1/../../../../arm-none-eabi/lib/thumb/v7-m/nofp\libc_nano.a(lib_a-exit.o)
                              c:/st/stm32cubeide_1.6.0/stm32cubeide/plugins/com.st.stm32cube.ide.mcu.externaltools.gnu-tools-for-stm32.9-2020-q2-update.win32_1.5.0.202011040924/tools/bin/../lib/gcc/arm-none-eabi/9.3.1/../../../../arm-none-eabi/lib/thumb/v7-m/nofp/crt0.o (exit)
c:/st/stm32cubeide_1.6.0/stm32cubeide/plugins/com.st.stm32cube.ide.mcu.externaltools.gnu-tools-for-stm32.9-2020-q2-update.win32_1.5.0.202011040924/tools/bin/../lib/gcc/arm-none-eabi/9.3.1/../../../../arm-none-eabi/lib/thumb/v7-m/nofp\libc_nano.a(lib_a-impure.o)
                              c:/st/stm32cubeide_1.6.0/stm32cubeide/plugins/com.st.stm32cube.ide.mcu.externaltools.gnu-tools-for-stm32.9-2020-q2-update.win32_1.5.0.202011040924/tools/bin/../lib/gcc/arm-none-eabi/9.3.1/../../../../arm-none-eabi/lib/thumb/v7-m/nofp\libc_nano.a(lib_a-exit.o) (_global_impure_ptr)
c:/st/stm32cubeide_1.6.0/stm32cubeide/plugins/com.st.stm32cube.ide.mcu.externaltools.gnu-tools-for-stm32.9-2020-q2-update.win32_1.5.0.202011040924/tools/bin/../lib/gcc/arm-none-eabi/9.3.1/../../../../arm-none-eabi/lib/thumb/v7-m/nofp\libc_nano.a(lib_a-init.o)
                              c:/st/stm32cubeide_1.6.0/stm32cubeide/plugins/com.st.stm32cube.ide.mcu.externaltools.gnu-tools-for-stm32.9-2020-q2-update.win32_1.5.0.202011040924/tools/bin/../lib/gcc/arm-none-eabi/9.3.1/../../../../arm-none-eabi/lib/thumb/v7-m/nofp/crt0.o (__libc_init_array)
c:/st/stm32cubeide_1.6.0/stm32cubeide/plugins/com.st.stm32cube.ide.mcu.externaltools.gnu-tools-for-stm32.9-2020-q2-update.win32_1.5.0.202011040924/tools/bin/../lib/gcc/arm-none-eabi/9.3.1/../../../../arm-none-eabi/lib/thumb/v7-m/nofp\libc_nano.a(lib_a-memset.o)
                              c:/st/stm32cubeide_1.6.0/stm32cubeide/plugins/com.st.stm32cube.ide.mcu.externaltools.gnu-tools-for-stm32.9-2020-q2-update.win32_1.5.0.202011040924/tools/bin/../lib/gcc/arm-none-eabi/9.3.1/../../../../arm-none-eabi/lib/thumb/v7-m/nofp/crt0.o (memset)
c:/st/stm32cubeide_1.6.0/stm32cubeide/plugins/com.st.stm32cube.ide.mcu.externaltools.gnu-tools-for-stm32.9-2020-q2-update.win32_1.5.0.202011040924/tools/bin/../lib/gcc/arm-none-eabi/9.3.1/../../../../arm-none-eabi/lib/thumb/v7-m/nofp\libc_nano.a(lib_a-sprintf.o)
                              Core/Src/main.o (sprintf)
c:/st/stm32cubeide_1.6.0/stm32cubeide/plugins/com.st.stm32cube.ide.mcu.externaltools.gnu-tools-for-stm32.9-2020-q2-update.win32_1.5.0.202011040924/tools/bin/../lib/gcc/arm-none-eabi/9.3.1/../../../../arm-none-eabi/lib/thumb/v7-m/nofp\libc_nano.a(lib_a-strlen.o)
                              Core/Src/main.o (strlen)
c:/st/stm32cubeide_1.6.0/stm32cubeide/plugins/com.st.stm32cube.ide.mcu.externaltools.gnu-tools-for-stm32.9-2020-q2-update.win32_1.5.0.202011040924/tools/bin/../lib/gcc/arm-none-eabi/9.3.1/../../../../arm-none-eabi/lib/thumb/v7-m/nofp\libc_nano.a(lib_a-nano-svfprintf.o)
                              c:/st/stm32cubeide_1.6.0/stm32cubeide/plugins/com.st.stm32cube.ide.mcu.externaltools.gnu-tools-for-stm32.9-2020-q2-update.win32_1.5.0.202011040924/tools/bin/../lib/gcc/arm-none-eabi/9.3.1/../../../../arm-none-eabi/lib/thumb/v7-m/nofp\libc_nano.a(lib_a-sprintf.o) (_svfprintf_r)
c:/st/stm32cubeide_1.6.0/stm32cubeide/plugins/com.st.stm32cube.ide.mcu.externaltools.gnu-tools-for-stm32.9-2020-q2-update.win32_1.5.0.202011040924/tools/bin/../lib/gcc/arm-none-eabi/9.3.1/../../../../arm-none-eabi/lib/thumb/v7-m/nofp\libc_nano.a(lib_a-nano-vfprintf_i.o)
                              c:/st/stm32cubeide_1.6.0/stm32cubeide/plugins/com.st.stm32cube.ide.mcu.externaltools.gnu-tools-for-stm32.9-2020-q2-update.win32_1.5.0.202011040924/tools/bin/../lib/gcc/arm-none-eabi/9.3.1/../../../../arm-none-eabi/lib/thumb/v7-m/nofp\libc_nano.a(lib_a-nano-svfprintf.o) (_printf_i)
c:/st/stm32cubeide_1.6.0/stm32cubeide/plugins/com.st.stm32cube.ide.mcu.externaltools.gnu-tools-for-stm32.9-2020-q2-update.win32_1.5.0.202011040924/tools/bin/../lib/gcc/arm-none-eabi/9.3.1/../../../../arm-none-eabi/lib/thumb/v7-m/nofp\libc_nano.a(lib_a-memchr-stub.o)
                              c:/st/stm32cubeide_1.6.0/stm32cubeide/plugins/com.st.stm32cube.ide.mcu.externaltools.gnu-tools-for-stm32.9-2020-q2-update.win32_1.5.0.202011040924/tools/bin/../lib/gcc/arm-none-eabi/9.3.1/../../../../arm-none-eabi/lib/thumb/v7-m/nofp\libc_nano.a(lib_a-nano-svfprintf.o) (memchr)
[...]
Memory Configuration

Name             Origin             Length             Attributes
RAM              0x0000000020000000 0x0000000000005000 xrw
FLASH            0x0000000008000000 0x0000000000010000 xr
*default*        0x0000000000000000 0xffffffffffffffff

Linker script and memory map

LOAD c:/st/stm32cubeide_1.6.0/stm32cubeide/plugins/com.st.stm32cube.ide.mcu.externaltools.gnu-tools-for-stm32.9-2020-q2-update.win32_1.5.0.202011040924/tools/bin/../lib/gcc/arm-none-eabi/9.3.1/thumb/v7-m/nofp/crti.o
LOAD c:/st/stm32cubeide_1.6.0/stm32cubeide/plugins/com.st.stm32cube.ide.mcu.externaltools.gnu-tools-for-stm32.9-2020-q2-update.win32_1.5.0.202011040924/tools/bin/../lib/gcc/arm-none-eabi/9.3.1/thumb/v7-m/nofp/crtbegin.o
LOAD c:/st/stm32cubeide_1.6.0/stm32cubeide/plugins/com.st.stm32cube.ide.mcu.externaltools.gnu-tools-for-stm32.9-2020-q2-update.win32_1.5.0.202011040924/tools/bin/../lib/gcc/arm-none-eabi/9.3.1/../../../../arm-none-eabi/lib/thumb/v7-m/nofp/crt0.o
LOAD Core/Src/fatfs_sd.o
LOAD Core/Src/main.o
LOAD Core/Src/stm32f1xx_hal_msp.o
LOAD Core/Src/stm32f1xx_it.o
LOAD Core/Src/syscalls.o
LOAD Core/Src/sysmem.o
LOAD Core/Src/system_stm32f1xx.o
LOAD Core/Startup/startup_stm32f103c8tx.o
LOAD Drivers/STM32F1xx_HAL_Driver/Src/stm32f1xx_hal.o
LOAD Drivers/STM32F1xx_HAL_Driver/Src/stm32f1xx_hal_cortex.o
LOAD Drivers/STM32F1xx_HAL_Driver/Src/stm32f1xx_hal_dma.o
LOAD Drivers/STM32F1xx_HAL_Driver/Src/stm32f1xx_hal_exti.o
LOAD Drivers/STM32F1xx_HAL_Driver/Src/stm32f1xx_hal_flash.o
LOAD Drivers/STM32F1xx_HAL_Driver/Src/stm32f1xx_hal_flash_ex.o
LOAD Drivers/STM32F1xx_HAL_Driver/Src/stm32f1xx_hal_gpio.o
LOAD Drivers/STM32F1xx_HAL_Driver/Src/stm32f1xx_hal_gpio_ex.o
LOAD Drivers/STM32F1xx_HAL_Driver/Src/stm32f1xx_hal_pwr.o
LOAD Drivers/STM32F1xx_HAL_Driver/Src/stm32f1xx_hal_rcc.o
LOAD Drivers/STM32F1xx_HAL_Driver/Src/stm32f1xx_hal_rcc_ex.o
LOAD Drivers/STM32F1xx_HAL_Driver/Src/stm32f1xx_hal_spi.o
LOAD Drivers/STM32F1xx_HAL_Driver/Src/stm32f1xx_hal_tim.o
LOAD Drivers/STM32F1xx_HAL_Driver/Src/stm32f1xx_hal_tim_ex.o
LOAD Drivers/STM32F1xx_HAL_Driver/Src/stm32f1xx_hal_uart.o
LOAD FATFS/App/fatfs.o
LOAD FATFS/Target/user_diskio.o
LOAD Middlewares/Third_Party/FatFs/src/diskio.o
LOAD Middlewares/Third_Party/FatFs/src/ff.o
LOAD Middlewares/Third_Party/FatFs/src/ff_gen_drv.o
LOAD Middlewares/Third_Party/FatFs/src/option/ccsbcs.o
LOAD Middlewares/Third_Party/FatFs/src/option/syscall.o
START GROUP
LOAD c:/st/stm32cubeide_1.6.0/stm32cubeide/plugins/com.st.stm32cube.ide.mcu.externaltools.gnu-tools-for-stm32.9-2020-q2-update.win32_1.5.0.202011040924/tools/bin/../lib/gcc/arm-none-eabi/9.3.1/../../../../arm-none-eabi/lib/thumb/v7-m/nofp\libc_nano.a
LOAD c:/st/stm32cubeide_1.6.0/stm32cubeide/plugins/com.st.stm32cube.ide.mcu.externaltools.gnu-tools-for-stm32.9-2020-q2-update.win32_1.5.0.202011040924/tools/bin/../lib/gcc/arm-none-eabi/9.3.1/../../../../arm-none-eabi/lib/thumb/v7-m/nofp\libm.a
END GROUP
START GROUP
LOAD c:/st/stm32cubeide_1.6.0/stm32cubeide/plugins/com.st.stm32cube.ide.mcu.externaltools.gnu-tools-for-stm32.9-2020-q2-update.win32_1.5.0.202011040924/tools/bin/../lib/gcc/arm-none-eabi/9.3.1/thumb/v7-m/nofp\libgcc.a
LOAD c:/st/stm32cubeide_1.6.0/stm32cubeide/plugins/com.st.stm32cube.ide.mcu.externaltools.gnu-tools-for-stm32.9-2020-q2-update.win32_1.5.0.202011040924/tools/bin/../lib/gcc/arm-none-eabi/9.3.1/../../../../arm-none-eabi/lib/thumb/v7-m/nofp\libc_nano.a
END GROUP
START GROUP
LOAD c:/st/stm32cubeide_1.6.0/stm32cubeide/plugins/com.st.stm32cube.ide.mcu.externaltools.gnu-tools-for-stm32.9-2020-q2-update.win32_1.5.0.202011040924/tools/bin/../lib/gcc/arm-none-eabi/9.3.1/thumb/v7-m/nofp\libgcc.a
LOAD c:/st/stm32cubeide_1.6.0/stm32cubeide/plugins/com.st.stm32cube.ide.mcu.externaltools.gnu-tools-for-stm32.9-2020-q2-update.win32_1.5.0.202011040924/tools/bin/../lib/gcc/arm-none-eabi/9.3.1/../../../../arm-none-eabi/lib/thumb/v7-m/nofp\libc_nano.a
LOAD c:/st/stm32cubeide_1.6.0/stm32cubeide/plugins/com.st.stm32cube.ide.mcu.externaltools.gnu-tools-for-stm32.9-2020-q2-update.win32_1.5.0.202011040924/tools/bin/../lib/gcc/arm-none-eabi/9.3.1/../../../../arm-none-eabi/lib/thumb/v7-m/nofp\libnosys.a
END GROUP
START GROUP
LOAD c:/st/stm32cubeide_1.6.0/stm32cubeide/plugins/com.st.stm32cube.ide.mcu.externaltools.gnu-tools-for-stm32.9-2020-q2-update.win32_1.5.0.202011040924/tools/bin/../lib/gcc/arm-none-eabi/9.3.1/thumb/v7-m/nofp\libgcc.a
LOAD c:/st/stm32cubeide_1.6.0/stm32cubeide/plugins/com.st.stm32cube.ide.mcu.externaltools.gnu-tools-for-stm32.9-2020-q2-update.win32_1.5.0.202011040924/tools/bin/../lib/gcc/arm-none-eabi/9.3.1/../../../../arm-none-eabi/lib/thumb/v7-m/nofp\libc_nano.a
LOAD c:/st/stm32cubeide_1.6.0/stm32cubeide/plugins/com.st.stm32cube.ide.mcu.externaltools.gnu-tools-for-stm32.9-2020-q2-update.win32_1.5.0.202011040924/tools/bin/../lib/gcc/arm-none-eabi/9.3.1/../../../../arm-none-eabi/lib/thumb/v7-m/nofp\libnosys.a
END GROUP
LOAD c:/st/stm32cubeide_1.6.0/stm32cubeide/plugins/com.st.stm32cube.ide.mcu.externaltools.gnu-tools-for-stm32.9-2020-q2-update.win32_1.5.0.202011040924/tools/bin/../lib/gcc/arm-none-eabi/9.3.1/thumb/v7-m/nofp/crtend.o
LOAD c:/st/stm32cubeide_1.6.0/stm32cubeide/plugins/com.st.stm32cube.ide.mcu.externaltools.gnu-tools-for-stm32.9-2020-q2-update.win32_1.5.0.202011040924/tools/bin/../lib/gcc/arm-none-eabi/9.3.1/thumb/v7-m/nofp/crtn.o
                0x0000000020005000                _estack = (ORIGIN (RAM) + LENGTH (RAM))
                0x0000000000000200                _Min_Heap_Size = 0x200
                0x0000000000000400                _Min_Stack_Size = 0x400

.isr_vector     0x0000000008000000      0x10c
                0x0000000008000000                . = ALIGN (0x4)
 *(.isr_vector)
 .isr_vector    0x0000000008000000      0x10c Core/Startup/startup_stm32f103c8tx.o
                0x0000000008000000                g_pfnVectors
                0x000000000800010c                . = ALIGN (0x4)

.text           0x000000000800010c     0x7590
                0x000000000800010c                . = ALIGN (0x4)
 *(.text)
 .text          0x000000000800010c       0x40 c:/st/stm32cubeide_1.6.0/stm32cubeide/plugins/com.st.stm32cube.ide.mcu.externaltools.gnu-tools-for-stm32.9-2020-q2-update.win32_1.5.0.202011040924/tools/bin/../lib/gcc/arm-none-eabi/9.3.1/thumb/v7-m/nofp/crtbegin.o
 .text          0x000000000800014c       0x10 c:/st/stm32cubeide_1.6.0/stm32cubeide/plugins/com.st.stm32cube.ide.mcu.externaltools.gnu-tools-for-stm32.9-2020-q2-update.win32_1.5.0.202011040924/tools/bin/../lib/gcc/arm-none-eabi/9.3.1/../../../../arm-none-eabi/lib/thumb/v7-m/nofp\libc_nano.a(lib_a-strlen.o)
                0x000000000800014c                strlen
 *(.text*)
 .text.SELECT   0x000000000800015c       0x1c Core/Src/fatfs_sd.o
 .text.DESELECT
                0x0000000008000178       0x1c Core/Src/fatfs_sd.o
 .text.SPI_TxByte
                0x0000000008000194       0x34 Core/Src/fatfs_sd.o
 .text.SPI_TxBuffer
                0x00000000080001c8       0x34 Core/Src/fatfs_sd.o
 .text.SPI_RxByte
                0x00000000080001fc       0x38 Core/Src/fatfs_sd.o
 .text.SPI_RxBytePtr
                0x0000000008000234       0x1c Core/Src/fatfs_sd.o
 .text.SD_ReadyWait
                0x0000000008000250       0x34 Core/Src/fatfs_sd.o
 .text.SD_PowerOn
                0x0000000008000284       0x84 Core/Src/fatfs_sd.o
 .text.SD_PowerOff
                0x0000000008000308       0x18 Core/Src/fatfs_sd.o
 .text.SD_CheckPower
                0x0000000008000320       0x14 Core/Src/fatfs_sd.o
 .text.SD_RxDataBlock
                0x0000000008000334       0x5c Core/Src/fatfs_sd.o
 .text.SD_TxDataBlock
                0x0000000008000390       0x86 Core/Src/fatfs_sd.o
 .text.SD_SendCmd
                0x0000000008000416       0xa8 Core/Src/fatfs_sd.o
 *fill*         0x00000000080004be        0x2 
 .text.SD_disk_initialize
                0x00000000080004c0      0x1cc Core/Src/fatfs_sd.o
                0x00000000080004c0                SD_disk_initialize
 .text.SD_disk_status
                0x000000000800068c       0x28 Core/Src/fatfs_sd.o
                0x000000000800068c                SD_disk_status
 .text.SD_disk_read
                0x00000000080006b4       0xd4 Core/Src/fatfs_sd.o
                0x00000000080006b4                SD_disk_read
 .text.SD_disk_write
                0x0000000008000788      0x108 Core/Src/fatfs_sd.o
                0x0000000008000788                SD_disk_write
 .text.SD_disk_ioctl
                0x0000000008000890      0x258 Core/Src/fatfs_sd.o
                0x0000000008000890                SD_disk_ioctl
 .text.send_uart
                0x0000000008000ae8       0x30 Core/Src/main.o
                0x0000000008000ae8                send_uart
 .text.bufclear
                0x0000000008000b18       0x34 Core/Src/main.o
                0x0000000008000b18                bufclear
 .text.main     0x0000000008000b4c      0x1a8 Core/Src/main.o
                0x0000000008000b4c                main
 .text.SystemClock_Config
                0x0000000008000cf4       0x8a Core/Src/main.o
                0x0000000008000cf4                SystemClock_Config
 *fill*         0x0000000008000d7e        0x2 
 .text.MX_SPI1_Init
                0x0000000008000d80       0x6c Core/Src/main.o
 .text.MX_USART1_UART_Init
                0x0000000008000dec       0x54 Core/Src/main.o
 .text.MX_GPIO_Init
                0x0000000008000e40       0x94 Core/Src/main.o
 .text.Error_Handler
                0x0000000008000ed4        0xc Core/Src/main.o
                0x0000000008000ed4                Error_Handler
 .text.HAL_MspInit
                0x0000000008000ee0       0x64 Core/Src/stm32f1xx_hal_msp.o
                0x0000000008000ee0                HAL_MspInit
 .text.HAL_SPI_MspInit
                0x0000000008000f44       0x94 Core/Src/stm32f1xx_hal_msp.o
                0x0000000008000f44                HAL_SPI_MspInit
 .text.HAL_UART_MspInit
                0x0000000008000fd8       0x98 Core/Src/stm32f1xx_hal_msp.o
                0x0000000008000fd8                HAL_UART_MspInit
 .text.SDTimer_Handler
                0x0000000008001070       0x44 Core/Src/stm32f1xx_it.o
                0x0000000008001070                SDTimer_Handler
 .text.NMI_Handler
                0x00000000080010b4        0xc Core/Src/stm32f1xx_it.o
                0x00000000080010b4                NMI_Handler
 .text.HardFault_Handler
                0x00000000080010c0        0x6 Core/Src/stm32f1xx_it.o
                0x00000000080010c0                HardFault_Handler
 .text.MemManage_Handler
                0x00000000080010c6        0x6 Core/Src/stm32f1xx_it.o
                0x00000000080010c6                MemManage_Handler
 .text.BusFault_Handler
                0x00000000080010cc        0x6 Core/Src/stm32f1xx_it.o
                0x00000000080010cc                BusFault_Handler
 .text.UsageFault_Handler
                0x00000000080010d2        0x6 Core/Src/stm32f1xx_it.o
                0x00000000080010d2                UsageFault_Handler
 .text.SVC_Handler
                0x00000000080010d8        0xc Core/Src/stm32f1xx_it.o
                0x00000000080010d8                SVC_Handler
 .text.DebugMon_Handler
                0x00000000080010e4        0xc Core/Src/stm32f1xx_it.o
                0x00000000080010e4                DebugMon_Handler
 .text.PendSV_Handler
                0x00000000080010f0        0xc Core/Src/stm32f1xx_it.o
                0x00000000080010f0                PendSV_Handler
 .text.SysTick_Handler
                0x00000000080010fc       0x34 Core/Src/stm32f1xx_it.o
                0x00000000080010fc                SysTick_Handler
 .text._sbrk    0x0000000008001130       0x6c Core/Src/sysmem.o
                0x0000000008001130                _sbrk
 .text.SystemInit
                0x000000000800119c        0xc Core/Src/system_stm32f1xx.o
                0x000000000800119c                SystemInit
 .text.Reset_Handler
                0x00000000080011a8       0x48 Core/Startup/startup_stm32f103c8tx.o
                0x00000000080011a8                Reset_Handler
 .text.Default_Handler
                0x00000000080011f0        0x2 Core/Startup/startup_stm32f103c8tx.o
                0x00000000080011f0                RTC_Alarm_IRQHandler
                0x00000000080011f0                EXTI2_IRQHandler
                0x00000000080011f0                TIM1_CC_IRQHandler
                0x00000000080011f0                PVD_IRQHandler
                0x00000000080011f0                EXTI3_IRQHandler
                0x00000000080011f0                EXTI0_IRQHandler
                0x00000000080011f0                I2C2_EV_IRQHandler
                0x00000000080011f0                ADC1_2_IRQHandler
                0x00000000080011f0                SPI1_IRQHandler
                0x00000000080011f0                TAMPER_IRQHandler
                0x00000000080011f0                DMA1_Channel4_IRQHandler
                0x00000000080011f0                USART3_IRQHandler
                0x00000000080011f0                RTC_IRQHandler
                0x00000000080011f0                DMA1_Channel7_IRQHandler
                0x00000000080011f0                CAN1_RX1_IRQHandler
                0x00000000080011f0                TIM4_IRQHandler
                0x00000000080011f0                I2C1_EV_IRQHandler
                0x00000000080011f0                DMA1_Channel6_IRQHandler
                0x00000000080011f0                TIM3_IRQHandler
                0x00000000080011f0                RCC_IRQHandler
                0x00000000080011f0                TIM1_TRG_COM_IRQHandler
                0x00000000080011f0                DMA1_Channel1_IRQHandler
                0x00000000080011f0                Default_Handler
                0x00000000080011f0                EXTI15_10_IRQHandler
                0x00000000080011f0                EXTI9_5_IRQHandler
                0x00000000080011f0                SPI2_IRQHandler
                0x00000000080011f0                DMA1_Channel5_IRQHandler
                0x00000000080011f0                EXTI4_IRQHandler
                0x00000000080011f0                USB_LP_CAN1_RX0_IRQHandler
                0x00000000080011f0                USB_HP_CAN1_TX_IRQHandler
                0x00000000080011f0                DMA1_Channel3_IRQHandler
                0x00000000080011f0                TIM1_UP_IRQHandler
                0x00000000080011f0                WWDG_IRQHandler
                0x00000000080011f0                TIM2_IRQHandler
                0x00000000080011f0                TIM1_BRK_IRQHandler
                0x00000000080011f0                EXTI1_IRQHandler
                0x00000000080011f0                USART2_IRQHandler
                0x00000000080011f0                I2C2_ER_IRQHandler
                0x00000000080011f0                DMA1_Channel2_IRQHandler
                0x00000000080011f0                CAN1_SCE_IRQHandler
                0x00000000080011f0                FLASH_IRQHandler
                0x00000000080011f0                USART1_IRQHandler
                0x00000000080011f0                I2C1_ER_IRQHandler
                0x00000000080011f0                USBWakeUp_IRQHandler
 *fill*         0x00000000080011f2        0x2 
 .text.HAL_Init
                0x00000000080011f4       0x2c Drivers/STM32F1xx_HAL_Driver/Src/stm32f1xx_hal.o
                0x00000000080011f4                HAL_Init
 .text.HAL_InitTick
                0x0000000008001220       0x60 Drivers/STM32F1xx_HAL_Driver/Src/stm32f1xx_hal.o
                0x0000000008001220                HAL_InitTick
 .text.HAL_IncTick
                0x0000000008001280       0x24 Drivers/STM32F1xx_HAL_Driver/Src/stm32f1xx_hal.o
                0x0000000008001280                HAL_IncTick
 .text.HAL_GetTick
                0x00000000080012a4       0x14 Drivers/STM32F1xx_HAL_Driver/Src/stm32f1xx_hal.o
                0x00000000080012a4                HAL_GetTick
 .text.HAL_Delay
                0x00000000080012b8       0x48 Drivers/STM32F1xx_HAL_Driver/Src/stm32f1xx_hal.o
                0x00000000080012b8                HAL_Delay
 .text.__NVIC_SetPriorityGrouping
                0x0000000008001300       0x48 Drivers/STM32F1xx_HAL_Driver/Src/stm32f1xx_hal_cortex.o
 .text.__NVIC_GetPriorityGrouping
                0x0000000008001348       0x1c Drivers/STM32F1xx_HAL_Driver/Src/stm32f1xx_hal_cortex.o
 .text.__NVIC_SetPriority
                0x0000000008001364       0x54 Drivers/STM32F1xx_HAL_Driver/Src/stm32f1xx_hal_cortex.o
 .text.NVIC_EncodePriority
                0x00000000080013b8       0x64 Drivers/STM32F1xx_HAL_Driver/Src/stm32f1xx_hal_cortex.o
 .text.SysTick_Config
                0x000000000800141c       0x44 Drivers/STM32F1xx_HAL_Driver/Src/stm32f1xx_hal_cortex.o
 .text.HAL_NVIC_SetPriorityGrouping
                0x0000000008001460       0x16 Drivers/STM32F1xx_HAL_Driver/Src/stm32f1xx_hal_cortex.o
                0x0000000008001460                HAL_NVIC_SetPriorityGrouping
 .text.HAL_NVIC_SetPriority
                0x0000000008001476       0x38 Drivers/STM32F1xx_HAL_Driver/Src/stm32f1xx_hal_cortex.o
                0x0000000008001476                HAL_NVIC_SetPriority
 .text.HAL_SYSTICK_Config
                0x00000000080014ae       0x18 Drivers/STM32F1xx_HAL_Driver/Src/stm32f1xx_hal_cortex.o
                0x00000000080014ae                HAL_SYSTICK_Config
 *fill*         0x00000000080014c6        0x2 
 .text.HAL_GPIO_Init
                0x00000000080014c8      0x308 Drivers/STM32F1xx_HAL_Driver/Src/stm32f1xx_hal_gpio.o
                0x00000000080014c8                HAL_GPIO_Init
 .text.HAL_GPIO_WritePin
                0x00000000080017d0       0x30 Drivers/STM32F1xx_HAL_Driver/Src/stm32f1xx_hal_gpio.o
                0x00000000080017d0                HAL_GPIO_WritePin
 .text.HAL_RCC_OscConfig
                0x0000000008001800      0x500 Drivers/STM32F1xx_HAL_Driver/Src/stm32f1xx_hal_rcc.o
                0x0000000008001800                HAL_RCC_OscConfig
 .text.HAL_RCC_ClockConfig
                0x0000000008001d00      0x1d4 Drivers/STM32F1xx_HAL_Driver/Src/stm32f1xx_hal_rcc.o
                0x0000000008001d00                HAL_RCC_ClockConfig
 .text.HAL_RCC_GetSysClockFreq
                0x0000000008001ed4       0xc0 Drivers/STM32F1xx_HAL_Driver/Src/stm32f1xx_hal_rcc.o
                0x0000000008001ed4                HAL_RCC_GetSysClockFreq
 .text.HAL_RCC_GetHCLKFreq
                0x0000000008001f94       0x14 Drivers/STM32F1xx_HAL_Driver/Src/stm32f1xx_hal_rcc.o
                0x0000000008001f94                HAL_RCC_GetHCLKFreq
 .text.HAL_RCC_GetPCLK1Freq
                0x0000000008001fa8       0x28 Drivers/STM32F1xx_HAL_Driver/Src/stm32f1xx_hal_rcc.o
                0x0000000008001fa8                HAL_RCC_GetPCLK1Freq
 .text.HAL_RCC_GetPCLK2Freq
                0x0000000008001fd0       0x28 Drivers/STM32F1xx_HAL_Driver/Src/stm32f1xx_hal_rcc.o
                0x0000000008001fd0                HAL_RCC_GetPCLK2Freq
 .text.RCC_Delay
                0x0000000008001ff8       0x3c Drivers/STM32F1xx_HAL_Driver/Src/stm32f1xx_hal_rcc.o
 .text.HAL_SPI_Init
                0x0000000008002034      0x108 Drivers/STM32F1xx_HAL_Driver/Src/stm32f1xx_hal_spi.o
                0x0000000008002034                HAL_SPI_Init
 .text.HAL_SPI_Transmit
                0x000000000800213c      0x278 Drivers/STM32F1xx_HAL_Driver/Src/stm32f1xx_hal_spi.o
                0x000000000800213c                HAL_SPI_Transmit
 .text.HAL_SPI_TransmitReceive
                0x00000000080023b4      0x344 Drivers/STM32F1xx_HAL_Driver/Src/stm32f1xx_hal_spi.o
                0x00000000080023b4                HAL_SPI_TransmitReceive
 .text.SPI_WaitFlagStateUntilTimeout
                0x00000000080026f8      0x110 Drivers/STM32F1xx_HAL_Driver/Src/stm32f1xx_hal_spi.o
 .text.SPI_EndRxTxTransaction
                0x0000000008002808       0x3c Drivers/STM32F1xx_HAL_Driver/Src/stm32f1xx_hal_spi.o
 .text.HAL_UART_Init
                0x0000000008002844       0x9a Drivers/STM32F1xx_HAL_Driver/Src/stm32f1xx_hal_uart.o
                0x0000000008002844                HAL_UART_Init
 .text.HAL_UART_Transmit
                0x00000000080028de      0x124 Drivers/STM32F1xx_HAL_Driver/Src/stm32f1xx_hal_uart.o
                0x00000000080028de                HAL_UART_Transmit
 .text.UART_WaitOnFlagUntilTimeout
                0x0000000008002a02       0x94 Drivers/STM32F1xx_HAL_Driver/Src/stm32f1xx_hal_uart.o
 *fill*         0x0000000008002a96        0x2 
 .text.UART_SetConfig
                0x0000000008002a98      0x11c Drivers/STM32F1xx_HAL_Driver/Src/stm32f1xx_hal_uart.o
 .text.MX_FATFS_Init
                0x0000000008002bb4       0x24 FATFS/App/fatfs.o
                0x0000000008002bb4                MX_FATFS_Init
 .text.get_fattime
                0x0000000008002bd8        0xe FATFS/App/fatfs.o
                0x0000000008002bd8                get_fattime
 .text.USER_initialize
                0x0000000008002be6       0x1c FATFS/Target/user_diskio.o
                0x0000000008002be6                USER_initialize
 .text.USER_status
                0x0000000008002c02       0x1c FATFS/Target/user_diskio.o
                0x0000000008002c02                USER_status
 .text.USER_read
                0x0000000008002c1e       0x26 FATFS/Target/user_diskio.o
                0x0000000008002c1e                USER_read
 .text.USER_write
                0x0000000008002c44       0x26 FATFS/Target/user_diskio.o
                0x0000000008002c44                USER_write
 .text.USER_ioctl
                0x0000000008002c6a       0x26 FATFS/Target/user_diskio.o
                0x0000000008002c6a                USER_ioctl
 .text.disk_status
                0x0000000008002c90       0x34 Middlewares/Third_Party/FatFs/src/diskio.o
                0x0000000008002c90                disk_status
 .text.disk_initialize
                0x0000000008002cc4       0x4c Middlewares/Third_Party/FatFs/src/diskio.o
                0x0000000008002cc4                disk_initialize
 .text.disk_read
                0x0000000008002d10       0x40 Middlewares/Third_Party/FatFs/src/diskio.o
                0x0000000008002d10                disk_read
 .text.disk_write
                0x0000000008002d50       0x40 Middlewares/Third_Party/FatFs/src/diskio.o
                0x0000000008002d50                disk_write
 .text.disk_ioctl
                0x0000000008002d90       0x3c Middlewares/Third_Party/FatFs/src/diskio.o
                0x0000000008002d90                disk_ioctl
 .text.mem_cpy  0x0000000008002dcc       0x3c Middlewares/Third_Party/FatFs/src/ff.o
 .text.mem_set  0x0000000008002e08       0x34 Middlewares/Third_Party/FatFs/src/ff.o
 .text.mem_cmp  0x0000000008002e3c       0x4c Middlewares/Third_Party/FatFs/src/ff.o
 .text.chk_chr  0x0000000008002e88       0x34 Middlewares/Third_Party/FatFs/src/ff.o
 .text.chk_lock
                0x0000000008002ebc       0xe4 Middlewares/Third_Party/FatFs/src/ff.o
 .text.enq_lock
                0x0000000008002fa0       0x48 Middlewares/Third_Party/FatFs/src/ff.o
 .text.inc_lock
                0x0000000008002fe8      0x180 Middlewares/Third_Party/FatFs/src/ff.o
 .text.dec_lock
                0x0000000008003168       0x88 Middlewares/Third_Party/FatFs/src/ff.o
 .text.clear_lock
                0x00000000080031f0       0x54 Middlewares/Third_Party/FatFs/src/ff.o
 .text.sync_window
                0x0000000008003244       0xb4 Middlewares/Third_Party/FatFs/src/ff.o
 .text.move_window
                0x00000000080032f8       0x68 Middlewares/Third_Party/FatFs/src/ff.o
 .text.sync_fs  0x0000000008003360      0x19e Middlewares/Third_Party/FatFs/src/ff.o
 .text.clust2sect
                0x00000000080034fe       0x4e Middlewares/Third_Party/FatFs/src/ff.o
                0x00000000080034fe                clust2sect
 .text.get_fat  0x000000000800354c      0x20a Middlewares/Third_Party/FatFs/src/ff.o
                0x000000000800354c                get_fat
 .text.put_fat  0x0000000008003756      0x2c0 Middlewares/Third_Party/FatFs/src/ff.o
                0x0000000008003756                put_fat
 .text.remove_chain
                0x0000000008003a16       0xd0 Middlewares/Third_Party/FatFs/src/ff.o
 .text.create_chain
                0x0000000008003ae6      0x162 Middlewares/Third_Party/FatFs/src/ff.o
 .text.clmt_clust
                0x0000000008003c48       0x86 Middlewares/Third_Party/FatFs/src/ff.o
 .text.dir_sdi  0x0000000008003cce      0x1b6 Middlewares/Third_Party/FatFs/src/ff.o
 .text.dir_next
                0x0000000008003e84      0x2c4 Middlewares/Third_Party/FatFs/src/ff.o
 .text.dir_alloc
                0x0000000008004148       0xa2 Middlewares/Third_Party/FatFs/src/ff.o
 .text.ld_clust
                0x00000000080041ea       0x5c Middlewares/Third_Party/FatFs/src/ff.o
 .text.st_clust
                0x0000000008004246       0x4c Middlewares/Third_Party/FatFs/src/ff.o
 *fill*         0x0000000008004292        0x2 
 .text.cmp_lfn  0x0000000008004294       0xdc Middlewares/Third_Party/FatFs/src/ff.o
 .text.fit_lfn  0x0000000008004370       0xe8 Middlewares/Third_Party/FatFs/src/ff.o
 .text.gen_numname
                0x0000000008004458      0x120 Middlewares/Third_Party/FatFs/src/ff.o
 .text.sum_sfn  0x0000000008004578       0x40 Middlewares/Third_Party/FatFs/src/ff.o
 .text.dir_find
                0x00000000080045b8      0x1aa Middlewares/Third_Party/FatFs/src/ff.o
 *fill*         0x0000000008004762        0x2 
 .text.dir_register
                0x0000000008004764      0x260 Middlewares/Third_Party/FatFs/src/ff.o
 .text.create_name
                0x00000000080049c4      0x384 Middlewares/Third_Party/FatFs/src/ff.o
 .text.follow_path
                0x0000000008004d48       0xf2 Middlewares/Third_Party/FatFs/src/ff.o
 .text.get_ldnumber
                0x0000000008004e3a       0x86 Middlewares/Third_Party/FatFs/src/ff.o
 .text.check_fs
                0x0000000008004ec0       0xdc Middlewares/Third_Party/FatFs/src/ff.o
 .text.find_volume
                0x0000000008004f9c      0x6b8 Middlewares/Third_Party/FatFs/src/ff.o
 .text.validate
                0x0000000008005654       0x7c Middlewares/Third_Party/FatFs/src/ff.o
 .text.f_mount  0x00000000080056d0       0x94 Middlewares/Third_Party/FatFs/src/ff.o
                0x00000000080056d0                f_mount
 .text.f_open   0x0000000008005764      0x674 Middlewares/Third_Party/FatFs/src/ff.o
                0x0000000008005764                f_open
 .text.f_read   0x0000000008005dd8      0x42c Middlewares/Third_Party/FatFs/src/ff.o
                0x0000000008005dd8                f_read
 .text.f_write  0x0000000008006204      0x4e6 Middlewares/Third_Party/FatFs/src/ff.o
                0x0000000008006204                f_write
 .text.f_sync   0x00000000080066ea      0x1bc Middlewares/Third_Party/FatFs/src/ff.o
                0x00000000080066ea                f_sync
 .text.f_close  0x00000000080068a6       0x56 Middlewares/Third_Party/FatFs/src/ff.o
                0x00000000080068a6                f_close
 .text.f_getfree
                0x00000000080068fc      0x1c4 Middlewares/Third_Party/FatFs/src/ff.o
                0x00000000080068fc                f_getfree
 .text.f_gets   0x0000000008006ac0       0x7a Middlewares/Third_Party/FatFs/src/ff.o
                0x0000000008006ac0                f_gets
 .text.putc_bfd
                0x0000000008006b3a       0x7a Middlewares/Third_Party/FatFs/src/ff.o
 .text.f_puts   0x0000000008006bb4       0x72 Middlewares/Third_Party/FatFs/src/ff.o
                0x0000000008006bb4                f_puts
 *fill*         0x0000000008006c26        0x2 
 .text.FATFS_LinkDriverEx
                0x0000000008006c28       0x94 Middlewares/Third_Party/FatFs/src/ff_gen_drv.o
                0x0000000008006c28                FATFS_LinkDriverEx
 .text.FATFS_LinkDriver
                0x0000000008006cbc       0x1e Middlewares/Third_Party/FatFs/src/ff_gen_drv.o
                0x0000000008006cbc                FATFS_LinkDriver
 *fill*         0x0000000008006cda        0x2 
 .text.ff_convert
                0x0000000008006cdc       0x74 Middlewares/Third_Party/FatFs/src/option/ccsbcs.o
                0x0000000008006cdc                ff_convert
 .text.ff_wtoupper
                0x0000000008006d50       0x5c Middlewares/Third_Party/FatFs/src/option/ccsbcs.o
                0x0000000008006d50                ff_wtoupper
 .text.__errno  0x0000000008006dac        0xc c:/st/stm32cubeide_1.6.0/stm32cubeide/plugins/com.st.stm32cube.ide.mcu.externaltools.gnu-tools-for-stm32.9-2020-q2-update.win32_1.5.0.202011040924/tools/bin/../lib/gcc/arm-none-eabi/9.3.1/../../../../arm-none-eabi/lib/thumb/v7-m/nofp\libc_nano.a(lib_a-errno.o)
                0x0000000008006dac                __errno
 .text.__libc_init_array
                0x0000000008006db8       0x48 c:/st/stm32cubeide_1.6.0/stm32cubeide/plugins/com.st.stm32cube.ide.mcu.externaltools.gnu-tools-for-stm32.9-2020-q2-update.win32_1.5.0.202011040924/tools/bin/../lib/gcc/arm-none-eabi/9.3.1/../../../../arm-none-eabi/lib/thumb/v7-m/nofp\libc_nano.a(lib_a-init.o)
                0x0000000008006db8                __libc_init_array
 .text.memset   0x0000000008006e00       0x10 c:/st/stm32cubeide_1.6.0/stm32cubeide/plugins/com.st.stm32cube.ide.mcu.externaltools.gnu-tools-for-stm32.9-2020-q2-update.win32_1.5.0.202011040924/tools/bin/../lib/gcc/arm-none-eabi/9.3.1/../../../../arm-none-eabi/lib/thumb/v7-m/nofp\libc_nano.a(lib_a-memset.o)
                0x0000000008006e00                memset
 .text.sprintf  0x0000000008006e10       0x40 c:/st/stm32cubeide_1.6.0/stm32cubeide/plugins/com.st.stm32cube.ide.mcu.externaltools.gnu-tools-for-stm32.9-2020-q2-update.win32_1.5.0.202011040924/tools/bin/../lib/gcc/arm-none-eabi/9.3.1/../../../../arm-none-eabi/lib/thumb/v7-m/nofp\libc_nano.a(lib_a-sprintf.o)
                0x0000000008006e10                siprintf
                0x0000000008006e10                sprintf
 .text.__ssputs_r
                0x0000000008006e50       0xb6 c:/st/stm32cubeide_1.6.0/stm32cubeide/plugins/com.st.stm32cube.ide.mcu.externaltools.gnu-tools-for-stm32.9-2020-q2-update.win32_1.5.0.202011040924/tools/bin/../lib/gcc/arm-none-eabi/9.3.1/../../../../arm-none-eabi/lib/thumb/v7-m/nofp\libc_nano.a(lib_a-nano-svfprintf.o)
                0x0000000008006e50                __ssputs_r
 *fill*         0x0000000008006f06        0x2 
 .text._svfprintf_r
                0x0000000008006f08      0x200 c:/st/stm32cubeide_1.6.0/stm32cubeide/plugins/com.st.stm32cube.ide.mcu.externaltools.gnu-tools-for-stm32.9-2020-q2-update.win32_1.5.0.202011040924/tools/bin/../lib/gcc/arm-none-eabi/9.3.1/../../../../arm-none-eabi/lib/thumb/v7-m/nofp\libc_nano.a(lib_a-nano-svfprintf.o)
                0x0000000008006f08                _svfiprintf_r
                0x0000000008006f08                _svfprintf_r
 .text._printf_common
                0x0000000008007108       0xde c:/st/stm32cubeide_1.6.0/stm32cubeide/plugins/com.st.stm32cube.ide.mcu.externaltools.gnu-tools-for-stm32.9-2020-q2-update.win32_1.5.0.202011040924/tools/bin/../lib/gcc/arm-none-eabi/9.3.1/../../../../arm-none-eabi/lib/thumb/v7-m/nofp\libc_nano.a(lib_a-nano-vfprintf_i.o)
                0x0000000008007108                _printf_common
 *fill*         0x00000000080071e6        0x2 
 .text._printf_i
                0x00000000080071e8      0x24c c:/st/stm32cubeide_1.6.0/stm32cubeide/plugins/com.st.stm32cube.ide.mcu.externaltools.gnu-tools-for-stm32.9-2020-q2-update.win32_1.5.0.202011040924/tools/bin/../lib/gcc/arm-none-eabi/9.3.1/../../../../arm-none-eabi/lib/thumb/v7-m/nofp\libc_nano.a(lib_a-nano-vfprintf_i.o)
                0x00000000080071e8                _printf_i
 .text.memchr   0x0000000008007434       0x1c c:/st/stm32cubeide_1.6.0/stm32cubeide/plugins/com.st.stm32cube.ide.mcu.externaltools.gnu-tools-for-stm32.9-2020-q2-update.win32_1.5.0.202011040924/tools/bin/../lib/gcc/arm-none-eabi/9.3.1/../../../../arm-none-eabi/lib/thumb/v7-m/nofp\libc_nano.a(lib_a-memchr-stub.o)
                0x0000000008007434                memchr
 .text.memcpy   0x0000000008007450       0x1c c:/st/stm32cubeide_1.6.0/stm32cubeide/plugins/com.st.stm32cube.ide.mcu.externaltools.gnu-tools-for-stm32.9-2020-q2-update.win32_1.5.0.202011040924/tools/bin/../lib/gcc/arm-none-eabi/9.3.1/../../../../arm-none-eabi/lib/thumb/v7-m/nofp\libc_nano.a(lib_a-memcpy-stub.o)
                0x0000000008007450                memcpy
 .text.memmove  0x000000000800746c       0x34 c:/st/stm32cubeide_1.6.0/stm32cubeide/plugins/com.st.stm32cube.ide.mcu.externaltools.gnu-tools-for-stm32.9-2020-q2-update.win32_1.5.0.202011040924/tools/bin/../lib/gcc/arm-none-eabi/9.3.1/../../../../arm-none-eabi/lib/thumb/v7-m/nofp\libc_nano.a(lib_a-memmove.o)
                0x000000000800746c                memmove
 .text._free_r  0x00000000080074a0       0x98 c:/st/stm32cubeide_1.6.0/stm32cubeide/plugins/com.st.stm32cube.ide.mcu.externaltools.gnu-tools-for-stm32.9-2020-q2-update.win32_1.5.0.202011040924/tools/bin/../lib/gcc/arm-none-eabi/9.3.1/../../../../arm-none-eabi/lib/thumb/v7-m/nofp\libc_nano.a(lib_a-nano-freer.o)
                0x00000000080074a0                _free_r
 .text._malloc_r
                0x0000000008007538       0xb4 c:/st/stm32cubeide_1.6.0/stm32cubeide/plugins/com.st.stm32cube.ide.mcu.externaltools.gnu-tools-for-stm32.9-2020-q2-update.win32_1.5.0.202011040924/tools/bin/../lib/gcc/arm-none-eabi/9.3.1/../../../../arm-none-eabi/lib/thumb/v7-m/nofp\libc_nano.a(lib_a-nano-mallocr.o)
                0x0000000008007538                _malloc_r
 .text._realloc_r
                0x00000000080075ec       0x4c c:/st/stm32cubeide_1.6.0/stm32cubeide/plugins/com.st.stm32cube.ide.mcu.externaltools.gnu-tools-for-stm32.9-2020-q2-update.win32_1.5.0.202011040924/tools/bin/../lib/gcc/arm-none-eabi/9.3.1/../../../../arm-none-eabi/lib/thumb/v7-m/nofp\libc_nano.a(lib_a-nano-reallocr.o)
                0x00000000080075ec                _realloc_r
 .text._sbrk_r  0x0000000008007638       0x20 c:/st/stm32cubeide_1.6.0/stm32cubeide/plugins/com.st.stm32cube.ide.mcu.externaltools.gnu-tools-for-stm32.9-2020-q2-update.win32_1.5.0.202011040924/tools/bin/../lib/gcc/arm-none-eabi/9.3.1/../../../../arm-none-eabi/lib/thumb/v7-m/nofp\libc_nano.a(lib_a-sbrkr.o)
                0x0000000008007638                _sbrk_r
 .text.__malloc_lock
                0x0000000008007658        0xc c:/st/stm32cubeide_1.6.0/stm32cubeide/plugins/com.st.stm32cube.ide.mcu.externaltools.gnu-tools-for-stm32.9-2020-q2-update.win32_1.5.0.202011040924/tools/bin/../lib/gcc/arm-none-eabi/9.3.1/../../../../arm-none-eabi/lib/thumb/v7-m/nofp\libc_nano.a(lib_a-mlock.o)
                0x0000000008007658                __malloc_lock
 .text.__malloc_unlock
                0x0000000008007664        0xc c:/st/stm32cubeide_1.6.0/stm32cubeide/plugins/com.st.stm32cube.ide.mcu.externaltools.gnu-tools-for-stm32.9-2020-q2-update.win32_1.5.0.202011040924/tools/bin/../lib/gcc/arm-none-eabi/9.3.1/../../../../arm-none-eabi/lib/thumb/v7-m/nofp\libc_nano.a(lib_a-mlock.o)
                0x0000000008007664                __malloc_unlock
 .text._malloc_usable_size_r
                0x0000000008007670       0x10 c:/st/stm32cubeide_1.6.0/stm32cubeide/plugins/com.st.stm32cube.ide.mcu.externaltools.gnu-tools-for-stm32.9-2020-q2-update.win32_1.5.0.202011040924/tools/bin/../lib/gcc/arm-none-eabi/9.3.1/../../../../arm-none-eabi/lib/thumb/v7-m/nofp\libc_nano.a(lib_a-nano-msizer.o)
                0x0000000008007670                _malloc_usable_size_r
 .text.__retarget_lock_acquire_recursive
                0x0000000008007680        0x2 c:/st/stm32cubeide_1.6.0/stm32cubeide/plugins/com.st.stm32cube.ide.mcu.externaltools.gnu-tools-for-stm32.9-2020-q2-update.win32_1.5.0.202011040924/tools/bin/../lib/gcc/arm-none-eabi/9.3.1/../../../../arm-none-eabi/lib/thumb/v7-m/nofp\libc_nano.a(lib_a-lock.o)
                0x0000000008007680                __retarget_lock_acquire_recursive
 .text.__retarget_lock_release_recursive
                0x0000000008007682        0x2 c:/st/stm32cubeide_1.6.0/stm32cubeide/plugins/com.st.stm32cube.ide.mcu.externaltools.gnu-tools-for-stm32.9-2020-q2-update.win32_1.5.0.202011040924/tools/bin/../lib/gcc/arm-none-eabi/9.3.1/../../../../arm-none-eabi/lib/thumb/v7-m/nofp\libc_nano.a(lib_a-lock.o)
                0x0000000008007682                __retarget_lock_release_recursive
 *(.glue_7)
 .glue_7        0x0000000008007684        0x0 linker stubs
 *(.glue_7t)
 .glue_7t       0x0000000008007684        0x0 linker stubs
 *(.eh_frame)
 .eh_frame      0x0000000008007684        0x0 c:/st/stm32cubeide_1.6.0/stm32cubeide/plugins/com.st.stm32cube.ide.mcu.externaltools.gnu-tools-for-stm32.9-2020-q2-update.win32_1.5.0.202011040924/tools/bin/../lib/gcc/arm-none-eabi/9.3.1/thumb/v7-m/nofp/crtbegin.o
 *(.init)
 .init          0x0000000008007684        0x4 c:/st/stm32cubeide_1.6.0/stm32cubeide/plugins/com.st.stm32cube.ide.mcu.externaltools.gnu-tools-for-stm32.9-2020-q2-update.win32_1.5.0.202011040924/tools/bin/../lib/gcc/arm-none-eabi/9.3.1/thumb/v7-m/nofp/crti.o
                0x0000000008007684                _init
 .init          0x0000000008007688        0x8 c:/st/stm32cubeide_1.6.0/stm32cubeide/plugins/com.st.stm32cube.ide.mcu.externaltools.gnu-tools-for-stm32.9-2020-q2-update.win32_1.5.0.202011040924/tools/bin/../lib/gcc/arm-none-eabi/9.3.1/thumb/v7-m/nofp/crtn.o
 *(.fini)
 .fini          0x0000000008007690        0x4 c:/st/stm32cubeide_1.6.0/stm32cubeide/plugins/com.st.stm32cube.ide.mcu.externaltools.gnu-tools-for-stm32.9-2020-q2-update.win32_1.5.0.202011040924/tools/bin/../lib/gcc/arm-none-eabi/9.3.1/thumb/v7-m/nofp/crti.o
                0x0000000008007690                _fini
 .fini          0x0000000008007694        0x8 c:/st/stm32cubeide_1.6.0/stm32cubeide/plugins/com.st.stm32cube.ide.mcu.externaltools.gnu-tools-for-stm32.9-2020-q2-update.win32_1.5.0.202011040924/tools/bin/../lib/gcc/arm-none-eabi/9.3.1/thumb/v7-m/nofp/crtn.o
                0x000000000800769c                . = ALIGN (0x4)
                0x000000000800769c                _etext = .

.vfp11_veneer   0x000000000800769c        0x0
 .vfp11_veneer  0x000000000800769c        0x0 linker stubs

.v4_bx          0x000000000800769c        0x0
 .v4_bx         0x000000000800769c        0x0 linker stubs

.iplt           0x000000000800769c        0x0
 .iplt          0x000000000800769c        0x0 c:/st/stm32cubeide_1.6.0/stm32cubeide/plugins/com.st.stm32cube.ide.mcu.externaltools.gnu-tools-for-stm32.9-2020-q2-update.win32_1.5.0.202011040924/tools/bin/../lib/gcc/arm-none-eabi/9.3.1/thumb/v7-m/nofp/crtbegin.o

.rodata         0x000000000800769c      0x740
                0x000000000800769c                . = ALIGN (0x4)
 *(.rodata)
 .rodata        0x000000000800769c      0x14c Core/Src/main.o
 .rodata        0x00000000080077e8       0x10 Drivers/STM32F1xx_HAL_Driver/Src/stm32f1xx_hal_rcc.o
 .rodata        0x00000000080077f8       0x48 Middlewares/Third_Party/FatFs/src/ff.o
 *(.rodata*)
 .rodata.AHBPrescTable
                0x0000000008007840       0x10 Core/Src/system_stm32f1xx.o
                0x0000000008007840                AHBPrescTable
 .rodata.APBPrescTable
                0x0000000008007850        0x8 Core/Src/system_stm32f1xx.o
                0x0000000008007850                APBPrescTable
 .rodata.ExCvt  0x0000000008007858       0x80 Middlewares/Third_Party/FatFs/src/ff.o
 .rodata.LfnOfs
                0x00000000080078d8        0xd Middlewares/Third_Party/FatFs/src/ff.o
 *fill*         0x00000000080078e5        0x3 
 .rodata.Tbl    0x00000000080078e8      0x100 Middlewares/Third_Party/FatFs/src/option/ccsbcs.o
 .rodata.tbl_lower.5904
                0x00000000080079e8      0x1e0 Middlewares/Third_Party/FatFs/src/option/ccsbcs.o
 .rodata.tbl_upper.5905
                0x0000000008007bc8      0x1e0 Middlewares/Third_Party/FatFs/src/option/ccsbcs.o
 .rodata._svfprintf_r.str1.1
                0x0000000008007da8       0x11 c:/st/stm32cubeide_1.6.0/stm32cubeide/plugins/com.st.stm32cube.ide.mcu.externaltools.gnu-tools-for-stm32.9-2020-q2-update.win32_1.5.0.202011040924/tools/bin/../lib/gcc/arm-none-eabi/9.3.1/../../../../arm-none-eabi/lib/thumb/v7-m/nofp\libc_nano.a(lib_a-nano-svfprintf.o)
 .rodata._printf_i.str1.1
                0x0000000008007db9       0x22 c:/st/stm32cubeide_1.6.0/stm32cubeide/plugins/com.st.stm32cube.ide.mcu.externaltools.gnu-tools-for-stm32.9-2020-q2-update.win32_1.5.0.202011040924/tools/bin/../lib/gcc/arm-none-eabi/9.3.1/../../../../arm-none-eabi/lib/thumb/v7-m/nofp\libc_nano.a(lib_a-nano-vfprintf_i.o)
                0x0000000008007ddc                . = ALIGN (0x4)
 *fill*         0x0000000008007ddb        0x1 

.rel.dyn        0x0000000008007ddc        0x0
 .rel.iplt      0x0000000008007ddc        0x0 c:/st/stm32cubeide_1.6.0/stm32cubeide/plugins/com.st.stm32cube.ide.mcu.externaltools.gnu-tools-for-stm32.9-2020-q2-update.win32_1.5.0.202011040924/tools/bin/../lib/gcc/arm-none-eabi/9.3.1/thumb/v7-m/nofp/crtbegin.o

.ARM.extab      0x0000000008007ddc        0x0
                0x0000000008007ddc                . = ALIGN (0x4)
 *(.ARM.extab* .gnu.linkonce.armextab.*)
                0x0000000008007ddc                . = ALIGN (0x4)

.ARM            0x0000000008007ddc        0x0
                0x0000000008007ddc                . = ALIGN (0x4)
                0x0000000008007ddc                __exidx_start = .
 *(.ARM.exidx*)
                0x0000000008007ddc                __exidx_end = .
                0x0000000008007ddc                . = ALIGN (0x4)

.preinit_array  0x0000000008007ddc        0x0
                0x0000000008007ddc                . = ALIGN (0x4)
                0x0000000008007ddc                PROVIDE (__preinit_array_start = .)
 *(.preinit_array*)
                0x0000000008007ddc                PROVIDE (__preinit_array_end = .)
                0x0000000008007ddc                . = ALIGN (0x4)

.init_array     0x0000000008007ddc        0x4
                0x0000000008007ddc                . = ALIGN (0x4)
                0x0000000008007ddc                PROVIDE (__init_array_start = .)
 *(SORT_BY_NAME(.init_array.*))
 *(.init_array*)
 .init_array    0x0000000008007ddc        0x4 c:/st/stm32cubeide_1.6.0/stm32cubeide/plugins/com.st.stm32cube.ide.mcu.externaltools.gnu-tools-for-stm32.9-2020-q2-update.win32_1.5.0.202011040924/tools/bin/../lib/gcc/arm-none-eabi/9.3.1/thumb/v7-m/nofp/crtbegin.o
                0x0000000008007de0                PROVIDE (__init_array_end = .)
                0x0000000008007de0                . = ALIGN (0x4)

.fini_array     0x0000000008007de0        0x4
                0x0000000008007de0                . = ALIGN (0x4)
                [!provide]                        PROVIDE (__fini_array_start = .)
 *(SORT_BY_NAME(.fini_array.*))
 *(.fini_array*)
 .fini_array    0x0000000008007de0        0x4 c:/st/stm32cubeide_1.6.0/stm32cubeide/plugins/com.st.stm32cube.ide.mcu.externaltools.gnu-tools-for-stm32.9-2020-q2-update.win32_1.5.0.202011040924/tools/bin/../lib/gcc/arm-none-eabi/9.3.1/thumb/v7-m/nofp/crtbegin.o
                [!provide]                        PROVIDE (__fini_array_end = .)
                0x0000000008007de4                . = ALIGN (0x4)
                0x0000000008007de4                _sidata = LOADADDR (.data)

.data           0x0000000020000000       0x88 load address 0x0000000008007de4
                0x0000000020000000                . = ALIGN (0x4)
                0x0000000020000000                _sdata = .
 *(.data)
 *(.data*)
 .data.Stat     0x0000000020000000        0x1 Core/Src/fatfs_sd.o
 *fill*         0x0000000020000001        0x3 
 .data.SystemCoreClock
                0x0000000020000004        0x4 Core/Src/system_stm32f1xx.o
                0x0000000020000004                SystemCoreClock
 .data.uwTickPrio
                0x0000000020000008        0x4 Drivers/STM32F1xx_HAL_Driver/Src/stm32f1xx_hal.o
                0x0000000020000008                uwTickPrio
 .data.uwTickFreq
                0x000000002000000c        0x1 Drivers/STM32F1xx_HAL_Driver/Src/stm32f1xx_hal.o
                0x000000002000000c                uwTickFreq
 *fill*         0x000000002000000d        0x3 
 .data.USER_Driver
                0x0000000020000010       0x14 FATFS/Target/user_diskio.o
                0x0000000020000010                USER_Driver
 .data._impure_ptr
                0x0000000020000024        0x4 c:/st/stm32cubeide_1.6.0/stm32cubeide/plugins/com.st.stm32cube.ide.mcu.externaltools.gnu-tools-for-stm32.9-2020-q2-update.win32_1.5.0.202011040924/tools/bin/../lib/gcc/arm-none-eabi/9.3.1/../../../../arm-none-eabi/lib/thumb/v7-m/nofp\libc_nano.a(lib_a-impure.o)
                0x0000000020000024                _impure_ptr
 .data.impure_data
                0x0000000020000028       0x60 c:/st/stm32cubeide_1.6.0/stm32cubeide/plugins/com.st.stm32cube.ide.mcu.externaltools.gnu-tools-for-stm32.9-2020-q2-update.win32_1.5.0.202011040924/tools/bin/../lib/gcc/arm-none-eabi/9.3.1/../../../../arm-none-eabi/lib/thumb/v7-m/nofp\libc_nano.a(lib_a-impure.o)
                0x0000000020000088                . = ALIGN (0x4)
                0x0000000020000088                _edata = .

.igot.plt       0x0000000020000088        0x0 load address 0x0000000008007e6c
 .igot.plt      0x0000000020000088        0x0 c:/st/stm32cubeide_1.6.0/stm32cubeide/plugins/com.st.stm32cube.ide.mcu.externaltools.gnu-tools-for-stm32.9-2020-q2-update.win32_1.5.0.202011040924/tools/bin/../lib/gcc/arm-none-eabi/9.3.1/thumb/v7-m/nofp/crtbegin.o
                0x0000000020000088                . = ALIGN (0x4)

.bss            0x0000000020000088     0x47e4 load address 0x0000000008007e6c
                0x0000000020000088                _sbss = .
                0x0000000020000088                __bss_start__ = _sbss
 *(.bss)
 .bss           0x0000000020000088       0x1c c:/st/stm32cubeide_1.6.0/stm32cubeide/plugins/com.st.stm32cube.ide.mcu.externaltools.gnu-tools-for-stm32.9-2020-q2-update.win32_1.5.0.202011040924/tools/bin/../lib/gcc/arm-none-eabi/9.3.1/thumb/v7-m/nofp/crtbegin.o
 *(.bss*)
 .bss.CardType  0x00000000200000a4        0x1 Core/Src/fatfs_sd.o
 .bss.PowerFlag
                0x00000000200000a5        0x1 Core/Src/fatfs_sd.o
 .bss.FatFsCnt  0x00000000200000a6        0x1 Core/Src/stm32f1xx_it.o
                0x00000000200000a6                FatFsCnt
 *fill*         0x00000000200000a7        0x1 
 .bss.__sbrk_heap_end
                0x00000000200000a8        0x4 Core/Src/sysmem.o
 .bss.FatFs     0x00000000200000ac        0x4 Middlewares/Third_Party/FatFs/src/ff.o
 .bss.Fsid      0x00000000200000b0        0x2 Middlewares/Third_Party/FatFs/src/ff.o
 *fill*         0x00000000200000b2        0x2 
 .bss.Files     0x00000000200000b4       0x18 Middlewares/Third_Party/FatFs/src/ff.o
 .bss.LfnBuf    0x00000000200000cc      0x200 Middlewares/Third_Party/FatFs/src/ff.o
 .bss.disk      0x00000000200002cc        0xc Middlewares/Third_Party/FatFs/src/ff_gen_drv.o
                0x00000000200002cc                disk
 .bss.__malloc_free_list
                0x00000000200002d8        0x4 c:/st/stm32cubeide_1.6.0/stm32cubeide/plugins/com.st.stm32cube.ide.mcu.externaltools.gnu-tools-for-stm32.9-2020-q2-update.win32_1.5.0.202011040924/tools/bin/../lib/gcc/arm-none-eabi/9.3.1/../../../../arm-none-eabi/lib/thumb/v7-m/nofp\libc_nano.a(lib_a-nano-mallocr.o)
                0x00000000200002d8                __malloc_free_list
 .bss.__malloc_sbrk_start
                0x00000000200002dc        0x4 c:/st/stm32cubeide_1.6.0/stm32cubeide/plugins/com.st.stm32cube.ide.mcu.externaltools.gnu-tools-for-stm32.9-2020-q2-update.win32_1.5.0.202011040924/tools/bin/../lib/gcc/arm-none-eabi/9.3.1/../../../../arm-none-eabi/lib/thumb/v7-m/nofp\libc_nano.a(lib_a-nano-mallocr.o)
                0x00000000200002dc                __malloc_sbrk_start
 *(COMMON)
 COMMON         0x00000000200002e0        0x4 Core/Src/fatfs_sd.o
                0x00000000200002e0                Timer2
                0x00000000200002e2                Timer1
 COMMON         0x00000000200002e4     0x2510 Core/Src/main.o
                0x00000000200002e4                fre_clust
                0x00000000200002e8                fs
                0x0000000020001318                br
                0x000000002000131c                free_space
                0x0000000020001320                huart1
                0x0000000020001360                buffer
                0x0000000020001760                bw
                0x0000000020001764                pfs
                0x0000000020001768                fresult
                0x000000002000176c                hspi1
                0x00000000200017c4                total
                0x00000000200017c8                fil
 COMMON         0x00000000200027f4        0x4 Drivers/STM32F1xx_HAL_Driver/Src/stm32f1xx_hal.o
                0x00000000200027f4                uwTick
 COMMON         0x00000000200027f8     0x2064 FATFS/App/fatfs.o
                0x00000000200027f8                USERPath
                0x00000000200027fc                retUSER
                0x0000000020002800                USERFile
                0x000000002000382c                USERFatFS
 COMMON         0x000000002000485c        0x4 c:/st/stm32cubeide_1.6.0/stm32cubeide/plugins/com.st.stm32cube.ide.mcu.externaltools.gnu-tools-for-stm32.9-2020-q2-update.win32_1.5.0.202011040924/tools/bin/../lib/gcc/arm-none-eabi/9.3.1/../../../../arm-none-eabi/lib/thumb/v7-m/nofp\libc_nano.a(lib_a-reent.o)
                0x000000002000485c                errno
 COMMON         0x0000000020004860        0x9 c:/st/stm32cubeide_1.6.0/stm32cubeide/plugins/com.st.stm32cube.ide.mcu.externaltools.gnu-tools-for-stm32.9-2020-q2-update.win32_1.5.0.202011040924/tools/bin/../lib/gcc/arm-none-eabi/9.3.1/../../../../arm-none-eabi/lib/thumb/v7-m/nofp\libc_nano.a(lib_a-lock.o)
                0x0000000020004860                __lock___atexit_recursive_mutex
                0x0000000020004861                __lock___arc4random_mutex
                0x0000000020004862                __lock___env_recursive_mutex
                0x0000000020004863                __lock___sinit_recursive_mutex
                0x0000000020004864                __lock___malloc_recursive_mutex
                0x0000000020004865                __lock___at_quick_exit_mutex
                0x0000000020004866                __lock___dd_hash_mutex
                0x0000000020004867                __lock___tz_mutex
                0x0000000020004868                __lock___sfp_recursive_mutex
                0x000000002000486c                . = ALIGN (0x4)
 *fill*         0x0000000020004869        0x3 
                0x000000002000486c                _ebss = .
                0x000000002000486c                __bss_end__ = _ebss

._user_heap_stack
                0x000000002000486c      0x604 load address 0x0000000008007e6c
                0x0000000020004870                . = ALIGN (0x8)
 *fill*         0x000000002000486c        0x4 
                [!provide]                        PROVIDE (end = .)
                0x0000000020004870                PROVIDE (_end = .)
                0x0000000020004a70                . = (. + _Min_Heap_Size)
 *fill*         0x0000000020004870      0x200 
                0x0000000020004e70                . = (. + _Min_Stack_Size)
 *fill*         0x0000000020004a70      0x400 
                0x0000000020004e70                . = ALIGN (0x8)

/DISCARD/
 libc.a(*)
 libm.a(*)
 libgcc.a(*)

.ARM.attributes
                0x0000000000000000       0x29
 *(.ARM.attributes)
 .ARM.attributes
                0x0000000000000000       0x1d c:/st/stm32cubeide_1.6.0/stm32cubeide/plugins/com.st.stm32cube.ide.mcu.externaltools.gnu-tools-for-stm32.9-2020-q2-update.win32_1.5.0.202011040924/tools/bin/../lib/gcc/arm-none-eabi/9.3.1/thumb/v7-m/nofp/crti.o
 .ARM.attributes
                0x000000000000001d       0x2d c:/st/stm32cubeide_1.6.0/stm32cubeide/plugins/com.st.stm32cube.ide.mcu.externaltools.gnu-tools-for-stm32.9-2020-q2-update.win32_1.5.0.202011040924/tools/bin/../lib/gcc/arm-none-eabi/9.3.1/thumb/v7-m/nofp/crtbegin.o
 .ARM.attributes
                0x000000000000004a       0x2d Core/Src/fatfs_sd.o
 .ARM.attributes
                0x0000000000000077       0x2d Core/Src/main.o
 .ARM.attributes
                0x00000000000000a4       0x2d Core/Src/stm32f1xx_hal_msp.o
 .ARM.attributes
                0x00000000000000d1       0x2d Core/Src/stm32f1xx_it.o
 .ARM.attributes
                0x00000000000000fe       0x2d Core/Src/sysmem.o
 .ARM.attributes
                0x000000000000012b       0x2d Core/Src/system_stm32f1xx.o
 .ARM.attributes
                0x0000000000000158       0x21 Core/Startup/startup_stm32f103c8tx.o
 .ARM.attributes
                0x0000000000000179       0x2d Drivers/STM32F1xx_HAL_Driver/Src/stm32f1xx_hal.o
 .ARM.attributes
                0x00000000000001a6       0x2d Drivers/STM32F1xx_HAL_Driver/Src/stm32f1xx_hal_cortex.o
 .ARM.attributes
                0x00000000000001d3       0x2d Drivers/STM32F1xx_HAL_Driver/Src/stm32f1xx_hal_gpio.o
 .ARM.attributes
                0x0000000000000200       0x2d Drivers/STM32F1xx_HAL_Driver/Src/stm32f1xx_hal_rcc.o
 .ARM.attributes
                0x000000000000022d       0x2d Drivers/STM32F1xx_HAL_Driver/Src/stm32f1xx_hal_spi.o
 .ARM.attributes
                0x000000000000025a       0x2d Drivers/STM32F1xx_HAL_Driver/Src/stm32f1xx_hal_uart.o
 .ARM.attributes
                0x0000000000000287       0x2d FATFS/App/fatfs.o
 .ARM.attributes
                0x00000000000002b4       0x2d FATFS/Target/user_diskio.o
 .ARM.attributes
                0x00000000000002e1       0x2d Middlewares/Third_Party/FatFs/src/diskio.o
 .ARM.attributes
                0x000000000000030e       0x2d Middlewares/Third_Party/FatFs/src/ff.o
 .ARM.attributes
                0x000000000000033b       0x2d Middlewares/Third_Party/FatFs/src/ff_gen_drv.o
 .ARM.attributes
                0x0000000000000368       0x2d Middlewares/Third_Party/FatFs/src/option/ccsbcs.o
 .ARM.attributes
                0x0000000000000395       0x2d c:/st/stm32cubeide_1.6.0/stm32cubeide/plugins/com.st.stm32cube.ide.mcu.externaltools.gnu-tools-for-stm32.9-2020-q2-update.win32_1.5.0.202011040924/tools/bin/../lib/gcc/arm-none-eabi/9.3.1/../../../../arm-none-eabi/lib/thumb/v7-m/nofp\libc_nano.a(lib_a-errno.o)
 .ARM.attributes
                0x00000000000003c2       0x2d c:/st/stm32cubeide_1.6.0/stm32cubeide/plugins/com.st.stm32cube.ide.mcu.externaltools.gnu-tools-for-stm32.9-2020-q2-update.win32_1.5.0.202011040924/tools/bin/../lib/gcc/arm-none-eabi/9.3.1/../../../../arm-none-eabi/lib/thumb/v7-m/nofp\libc_nano.a(lib_a-impure.o)
 .ARM.attributes
                0x00000000000003ef       0x2d c:/st/stm32cubeide_1.6.0/stm32cubeide/plugins/com.st.stm32cube.ide.mcu.externaltools.gnu-tools-for-stm32.9-2020-q2-update.win32_1.5.0.202011040924/tools/bin/../lib/gcc/arm-none-eabi/9.3.1/../../../../arm-none-eabi/lib/thumb/v7-m/nofp\libc_nano.a(lib_a-init.o)
 .ARM.attributes
                0x000000000000041c       0x2d c:/st/stm32cubeide_1.6.0/stm32cubeide/plugins/com.st.stm32cube.ide.mcu.externaltools.gnu-tools-for-stm32.9-2020-q2-update.win32_1.5.0.202011040924/tools/bin/../lib/gcc/arm-none-eabi/9.3.1/../../../../arm-none-eabi/lib/thumb/v7-m/nofp\libc_nano.a(lib_a-memset.o)
 .ARM.attributes
                0x0000000000000449       0x2d c:/st/stm32cubeide_1.6.0/stm32cubeide/plugins/com.st.stm32cube.ide.mcu.externaltools.gnu-tools-for-stm32.9-2020-q2-update.win32_1.5.0.202011040924/tools/bin/../lib/gcc/arm-none-eabi/9.3.1/../../../../arm-none-eabi/lib/thumb/v7-m/nofp\libc_nano.a(lib_a-sprintf.o)
 .ARM.attributes
                0x0000000000000476       0x17 c:/st/stm32cubeide_1.6.0/stm32cubeide/plugins/com.st.stm32cube.ide.mcu.externaltools.gnu-tools-for-stm32.9-2020-q2-update.win32_1.5.0.202011040924/tools/bin/../lib/gcc/arm-none-eabi/9.3.1/../../../../arm-none-eabi/lib/thumb/v7-m/nofp\libc_nano.a(lib_a-strlen.o)
 .ARM.attributes
                0x000000000000048d       0x2d c:/st/stm32cubeide_1.6.0/stm32cubeide/plugins/com.st.stm32cube.ide.mcu.externaltools.gnu-tools-for-stm32.9-2020-q2-update.win32_1.5.0.202011040924/tools/bin/../lib/gcc/arm-none-eabi/9.3.1/../../../../arm-none-eabi/lib/thumb/v7-m/nofp\libc_nano.a(lib_a-nano-svfprintf.o)
 .ARM.attributes
                0x00000000000004ba       0x2d c:/st/stm32cubeide_1.6.0/stm32cubeide/plugins/com.st.stm32cube.ide.mcu.externaltools.gnu-tools-for-stm32.9-2020-q2-update.win32_1.5.0.202011040924/tools/bin/../lib/gcc/arm-none-eabi/9.3.1/../../../../arm-none-eabi/lib/thumb/v7-m/nofp\libc_nano.a(lib_a-nano-vfprintf_i.o)
 .ARM.attributes
                0x00000000000004e7       0x2d c:/st/stm32cubeide_1.6.0/stm32cubeide/plugins/com.st.stm32cube.ide.mcu.externaltools.gnu-tools-for-stm32.9-2020-q2-update.win32_1.5.0.202011040924/tools/bin/../lib/gcc/arm-none-eabi/9.3.1/../../../../arm-none-eabi/lib/thumb/v7-m/nofp\libc_nano.a(lib_a-memchr-stub.o)
 .ARM.attributes
                0x0000000000000514       0x2d c:/st/stm32cubeide_1.6.0/stm32cubeide/plugins/com.st.stm32cube.ide.mcu.externaltools.gnu-tools-for-stm32.9-2020-q2-update.win32_1.5.0.202011040924/tools/bin/../lib/gcc/arm-none-eabi/9.3.1/../../../../arm-none-eabi/lib/thumb/v7-m/nofp\libc_nano.a(lib_a-memcpy-stub.o)
 .ARM.attributes
                0x0000000000000541       0x2d c:/st/stm32cubeide_1.6.0/stm32cubeide/plugins/com.st.stm32cube.ide.mcu.externaltools.gnu-tools-for-stm32.9-2020-q2-update.win32_1.5.0.202011040924/tools/bin/../lib/gcc/arm-none-eabi/9.3.1/../../../../arm-none-eabi/lib/thumb/v7-m/nofp\libc_nano.a(lib_a-memmove.o)
 .ARM.attributes
                0x000000000000056e       0x2d c:/st/stm32cubeide_1.6.0/stm32cubeide/plugins/com.st.stm32cube.ide.mcu.externaltools.gnu-tools-for-stm32.9-2020-q2-update.win32_1.5.0.202011040924/tools/bin/../lib/gcc/arm-none-eabi/9.3.1/../../../../arm-none-eabi/lib/thumb/v7-m/nofp\libc_nano.a(lib_a-nano-freer.o)
 .ARM.attributes
                0x000000000000059b       0x2d c:/st/stm32cubeide_1.6.0/stm32cubeide/plugins/com.st.stm32cube.ide.mcu.externaltools.gnu-tools-for-stm32.9-2020-q2-update.win32_1.5.0.202011040924/tools/bin/../lib/gcc/arm-none-eabi/9.3.1/../../../../arm-none-eabi/lib/thumb/v7-m/nofp\libc_nano.a(lib_a-nano-mallocr.o)
 .ARM.attributes
                0x00000000000005c8       0x2d c:/st/stm32cubeide_1.6.0/stm32cubeide/plugins/com.st.stm32cube.ide.mcu.externaltools.gnu-tools-for-stm32.9-2020-q2-update.win32_1.5.0.202011040924/tools/bin/../lib/gcc/arm-none-eabi/9.3.1/../../../../arm-none-eabi/lib/thumb/v7-m/nofp\libc_nano.a(lib_a-nano-reallocr.o)
 .ARM.attributes
                0x00000000000005f5       0x2d c:/st/stm32cubeide_1.6.0/stm32cubeide/plugins/com.st.stm32cube.ide.mcu.externaltools.gnu-tools-for-stm32.9-2020-q2-update.win32_1.5.0.202011040924/tools/bin/../lib/gcc/arm-none-eabi/9.3.1/../../../../arm-none-eabi/lib/thumb/v7-m/nofp\libc_nano.a(lib_a-sbrkr.o)
 .ARM.attributes
                0x0000000000000622       0x2d c:/st/stm32cubeide_1.6.0/stm32cubeide/plugins/com.st.stm32cube.ide.mcu.externaltools.gnu-tools-for-stm32.9-2020-q2-update.win32_1.5.0.202011040924/tools/bin/../lib/gcc/arm-none-eabi/9.3.1/../../../../arm-none-eabi/lib/thumb/v7-m/nofp\libc_nano.a(lib_a-mlock.o)
 .ARM.attributes
                0x000000000000064f       0x2d c:/st/stm32cubeide_1.6.0/stm32cubeide/plugins/com.st.stm32cube.ide.mcu.externaltools.gnu-tools-for-stm32.9-2020-q2-update.win32_1.5.0.202011040924/tools/bin/../lib/gcc/arm-none-eabi/9.3.1/../../../../arm-none-eabi/lib/thumb/v7-m/nofp\libc_nano.a(lib_a-nano-msizer.o)
 .ARM.attributes
                0x000000000000067c       0x2d c:/st/stm32cubeide_1.6.0/stm32cubeide/plugins/com.st.stm32cube.ide.mcu.externaltools.gnu-tools-for-stm32.9-2020-q2-update.win32_1.5.0.202011040924/tools/bin/../lib/gcc/arm-none-eabi/9.3.1/../../../../arm-none-eabi/lib/thumb/v7-m/nofp\libc_nano.a(lib_a-reent.o)
 .ARM.attributes
                0x00000000000006a9       0x2d c:/st/stm32cubeide_1.6.0/stm32cubeide/plugins/com.st.stm32cube.ide.mcu.externaltools.gnu-tools-for-stm32.9-2020-q2-update.win32_1.5.0.202011040924/tools/bin/../lib/gcc/arm-none-eabi/9.3.1/../../../../arm-none-eabi/lib/thumb/v7-m/nofp\libc_nano.a(lib_a-lock.o)
 .ARM.attributes
                0x00000000000006d6       0x1d c:/st/stm32cubeide_1.6.0/stm32cubeide/plugins/com.st.stm32cube.ide.mcu.externaltools.gnu-tools-for-stm32.9-2020-q2-update.win32_1.5.0.202011040924/tools/bin/../lib/gcc/arm-none-eabi/9.3.1/thumb/v7-m/nofp/crtn.o
OUTPUT(bluepill_sd_controllertech.elf elf32-littlearm)
LOAD linker stubs
LOAD c:/st/stm32cubeide_1.6.0/stm32cubeide/plugins/com.st.stm32cube.ide.mcu.externaltools.gnu-tools-for-stm32.9-2020-q2-update.win32_1.5.0.202011040924/tools/bin/../lib/gcc/arm-none-eabi/9.3.1/../../../../arm-none-eabi/lib/thumb/v7-m/nofp\libc.a
LOAD c:/st/stm32cubeide_1.6.0/stm32cubeide/plugins/com.st.stm32cube.ide.mcu.externaltools.gnu-tools-for-stm32.9-2020-q2-update.win32_1.5.0.202011040924/tools/bin/../lib/gcc/arm-none-eabi/9.3.1/../../../../arm-none-eabi/lib/thumb/v7-m/nofp\libm.a
LOAD c:/st/stm32cubeide_1.6.0/stm32cubeide/plugins/com.st.stm32cube.ide.mcu.externaltools.gnu-tools-for-stm32.9-2020-q2-update.win32_1.5.0.202011040924/tools/bin/../lib/gcc/arm-none-eabi/9.3.1/thumb/v7-m/nofp\libgcc.a

.debug_info     0x0000000000000000     0xda33
 .debug_info    0x0000000000000000      0xc54 Core/Src/fatfs_sd.o
 .debug_info    0x0000000000000c54     0x1af7 Core/Src/main.o
 .debug_info    0x000000000000274b      0xbc5 Core/Src/stm32f1xx_hal_msp.o
 .debug_info    0x0000000000003310      0x26f Core/Src/stm32f1xx_it.o
 .debug_info    0x000000000000357f      0xa25 Core/Src/sysmem.o
 .debug_info    0x0000000000003fa4      0x2be Core/Src/system_stm32f1xx.o
 .debug_info    0x0000000000004262       0x22 Core/Startup/startup_stm32f103c8tx.o
 .debug_info    0x0000000000004284      0x76a Drivers/STM32F1xx_HAL_Driver/Src/stm32f1xx_hal.o
 .debug_info    0x00000000000049ee      0xbdc Drivers/STM32F1xx_HAL_Driver/Src/stm32f1xx_hal_cortex.o
 .debug_info    0x00000000000055ca      0x701 Drivers/STM32F1xx_HAL_Driver/Src/stm32f1xx_hal_gpio.o
 .debug_info    0x0000000000005ccb      0x88e Drivers/STM32F1xx_HAL_Driver/Src/stm32f1xx_hal_rcc.o
 .debug_info    0x0000000000006559     0x16af Drivers/STM32F1xx_HAL_Driver/Src/stm32f1xx_hal_spi.o
 .debug_info    0x0000000000007c08     0x1322 Drivers/STM32F1xx_HAL_Driver/Src/stm32f1xx_hal_uart.o
 .debug_info    0x0000000000008f2a      0x5f7 FATFS/App/fatfs.o
 .debug_info    0x0000000000009521     0x11b0 FATFS/Target/user_diskio.o
 .debug_info    0x000000000000a6d1      0x4fe Middlewares/Third_Party/FatFs/src/diskio.o
 .debug_info    0x000000000000abcf     0x2749 Middlewares/Third_Party/FatFs/src/ff.o
 .debug_info    0x000000000000d318      0x495 Middlewares/Third_Party/FatFs/src/ff_gen_drv.o
 .debug_info    0x000000000000d7ad      0x286 Middlewares/Third_Party/FatFs/src/option/ccsbcs.o

.debug_abbrev   0x0000000000000000     0x252d
 .debug_abbrev  0x0000000000000000      0x2be Core/Src/fatfs_sd.o
 .debug_abbrev  0x00000000000002be      0x3aa Core/Src/main.o
 .debug_abbrev  0x0000000000000668      0x1ac Core/Src/stm32f1xx_hal_msp.o
 .debug_abbrev  0x0000000000000814       0xe5 Core/Src/stm32f1xx_it.o
 .debug_abbrev  0x00000000000008f9      0x1bf Core/Src/sysmem.o
 .debug_abbrev  0x0000000000000ab8      0x14e Core/Src/system_stm32f1xx.o
 .debug_abbrev  0x0000000000000c06       0x12 Core/Startup/startup_stm32f103c8tx.o
 .debug_abbrev  0x0000000000000c18      0x1ed Drivers/STM32F1xx_HAL_Driver/Src/stm32f1xx_hal.o
 .debug_abbrev  0x0000000000000e05      0x313 Drivers/STM32F1xx_HAL_Driver/Src/stm32f1xx_hal_cortex.o
 .debug_abbrev  0x0000000000001118      0x1e8 Drivers/STM32F1xx_HAL_Driver/Src/stm32f1xx_hal_gpio.o
 .debug_abbrev  0x0000000000001300      0x273 Drivers/STM32F1xx_HAL_Driver/Src/stm32f1xx_hal_rcc.o
 .debug_abbrev  0x0000000000001573      0x26e Drivers/STM32F1xx_HAL_Driver/Src/stm32f1xx_hal_spi.o
 .debug_abbrev  0x00000000000017e1      0x270 Drivers/STM32F1xx_HAL_Driver/Src/stm32f1xx_hal_uart.o
 .debug_abbrev  0x0000000000001a51      0x19d FATFS/App/fatfs.o
 .debug_abbrev  0x0000000000001bee      0x22c FATFS/Target/user_diskio.o
 .debug_abbrev  0x0000000000001e1a      0x18b Middlewares/Third_Party/FatFs/src/diskio.o
 .debug_abbrev  0x0000000000001fa5      0x2b0 Middlewares/Third_Party/FatFs/src/ff.o
 .debug_abbrev  0x0000000000002255      0x1bc Middlewares/Third_Party/FatFs/src/ff_gen_drv.o
 .debug_abbrev  0x0000000000002411      0x11c Middlewares/Third_Party/FatFs/src/option/ccsbcs.o

.debug_aranges  0x0000000000000000      0xbb0
 .debug_aranges
                0x0000000000000000       0xa8 Core/Src/fatfs_sd.o
 .debug_aranges
                0x00000000000000a8       0x60 Core/Src/main.o
 .debug_aranges
                0x0000000000000108       0x40 Core/Src/stm32f1xx_hal_msp.o
 .debug_aranges
                0x0000000000000148       0x68 Core/Src/stm32f1xx_it.o
 .debug_aranges
                0x00000000000001b0       0x20 Core/Src/sysmem.o
 .debug_aranges
                0x00000000000001d0       0x28 Core/Src/system_stm32f1xx.o
 .debug_aranges
                0x00000000000001f8       0x28 Core/Startup/startup_stm32f103c8tx.o
 .debug_aranges
                0x0000000000000220       0xe0 Drivers/STM32F1xx_HAL_Driver/Src/stm32f1xx_hal.o
 .debug_aranges
                0x0000000000000300      0x100 Drivers/STM32F1xx_HAL_Driver/Src/stm32f1xx_hal_cortex.o
 .debug_aranges
                0x0000000000000400       0x58 Drivers/STM32F1xx_HAL_Driver/Src/stm32f1xx_hal_gpio.o
 .debug_aranges
                0x0000000000000458       0x90 Drivers/STM32F1xx_HAL_Driver/Src/stm32f1xx_hal_rcc.o
 .debug_aranges
                0x00000000000004e8      0x1d0 Drivers/STM32F1xx_HAL_Driver/Src/stm32f1xx_hal_spi.o
 .debug_aranges
                0x00000000000006b8      0x1d0 Drivers/STM32F1xx_HAL_Driver/Src/stm32f1xx_hal_uart.o
 .debug_aranges
                0x0000000000000888       0x28 FATFS/App/fatfs.o
 .debug_aranges
                0x00000000000008b0       0x40 FATFS/Target/user_diskio.o
 .debug_aranges
                0x00000000000008f0       0x48 Middlewares/Third_Party/FatFs/src/diskio.o
 .debug_aranges
                0x0000000000000938      0x210 Middlewares/Third_Party/FatFs/src/ff.o
 .debug_aranges
                0x0000000000000b48       0x40 Middlewares/Third_Party/FatFs/src/ff_gen_drv.o
 .debug_aranges
                0x0000000000000b88       0x28 Middlewares/Third_Party/FatFs/src/option/ccsbcs.o

.debug_ranges   0x0000000000000000      0xa88
 .debug_ranges  0x0000000000000000       0x98 Core/Src/fatfs_sd.o
 .debug_ranges  0x0000000000000098       0x50 Core/Src/main.o
 .debug_ranges  0x00000000000000e8       0x30 Core/Src/stm32f1xx_hal_msp.o
 .debug_ranges  0x0000000000000118       0x58 Core/Src/stm32f1xx_it.o
 .debug_ranges  0x0000000000000170       0x10 Core/Src/sysmem.o
 .debug_ranges  0x0000000000000180       0x18 Core/Src/system_stm32f1xx.o
 .debug_ranges  0x0000000000000198       0x20 Core/Startup/startup_stm32f103c8tx.o
 .debug_ranges  0x00000000000001b8       0xd0 Drivers/STM32F1xx_HAL_Driver/Src/stm32f1xx_hal.o
 .debug_ranges  0x0000000000000288       0xf0 Drivers/STM32F1xx_HAL_Driver/Src/stm32f1xx_hal_cortex.o
 .debug_ranges  0x0000000000000378       0x48 Drivers/STM32F1xx_HAL_Driver/Src/stm32f1xx_hal_gpio.o
 .debug_ranges  0x00000000000003c0       0x80 Drivers/STM32F1xx_HAL_Driver/Src/stm32f1xx_hal_rcc.o
 .debug_ranges  0x0000000000000440      0x1c0 Drivers/STM32F1xx_HAL_Driver/Src/stm32f1xx_hal_spi.o
 .debug_ranges  0x0000000000000600      0x1c0 Drivers/STM32F1xx_HAL_Driver/Src/stm32f1xx_hal_uart.o
 .debug_ranges  0x00000000000007c0       0x18 FATFS/App/fatfs.o
 .debug_ranges  0x00000000000007d8       0x30 FATFS/Target/user_diskio.o
 .debug_ranges  0x0000000000000808       0x38 Middlewares/Third_Party/FatFs/src/diskio.o
 .debug_ranges  0x0000000000000840      0x200 Middlewares/Third_Party/FatFs/src/ff.o
 .debug_ranges  0x0000000000000a40       0x30 Middlewares/Third_Party/FatFs/src/ff_gen_drv.o
 .debug_ranges  0x0000000000000a70       0x18 Middlewares/Third_Party/FatFs/src/option/ccsbcs.o

.debug_macro    0x0000000000000000    0x182cc
 .debug_macro   0x0000000000000000      0x1cb Core/Src/fatfs_sd.o
 .debug_macro   0x00000000000001cb      0xa9c Core/Src/fatfs_sd.o
 .debug_macro   0x0000000000000c67      0x21b Core/Src/fatfs_sd.o
 .debug_macro   0x0000000000000e82       0x2e Core/Src/fatfs_sd.o
 .debug_macro   0x0000000000000eb0       0x22 Core/Src/fatfs_sd.o
 .debug_macro   0x0000000000000ed2       0x22 Core/Src/fatfs_sd.o
 .debug_macro   0x0000000000000ef4       0x8e Core/Src/fatfs_sd.o
 .debug_macro   0x0000000000000f82       0x51 Core/Src/fatfs_sd.o
 .debug_macro   0x0000000000000fd3      0x103 Core/Src/fatfs_sd.o
 .debug_macro   0x00000000000010d6       0x6a Core/Src/fatfs_sd.o
 .debug_macro   0x0000000000001140      0x1df Core/Src/fatfs_sd.o
 .debug_macro   0x000000000000131f       0x1c Core/Src/fatfs_sd.o
 .debug_macro   0x000000000000133b       0x22 Core/Src/fatfs_sd.o
 .debug_macro   0x000000000000135d       0xc3 Core/Src/fatfs_sd.o
 .debug_macro   0x0000000000001420      0xd23 Core/Src/fatfs_sd.o
 .debug_macro   0x0000000000002143     0xe097 Core/Src/fatfs_sd.o
 .debug_macro   0x00000000000101da       0x43 Core/Src/fatfs_sd.o
 .debug_macro   0x000000000001021d     0x3468 Core/Src/fatfs_sd.o
 .debug_macro   0x0000000000013685      0x174 Core/Src/fatfs_sd.o
 .debug_macro   0x00000000000137f9       0x5c Core/Src/fatfs_sd.o
 .debug_macro   0x0000000000013855      0x5be Core/Src/fatfs_sd.o
 .debug_macro   0x0000000000013e13      0x289 Core/Src/fatfs_sd.o
 .debug_macro   0x000000000001409c      0x1cb Core/Src/fatfs_sd.o
 .debug_macro   0x0000000000014267      0x114 Core/Src/fatfs_sd.o
 .debug_macro   0x000000000001437b      0x1b2 Core/Src/fatfs_sd.o
 .debug_macro   0x000000000001452d       0x27 Core/Src/fatfs_sd.o
 .debug_macro   0x0000000000014554      0x136 Core/Src/fatfs_sd.o
 .debug_macro   0x000000000001468a      0x1bc Core/Src/fatfs_sd.o
 .debug_macro   0x0000000000014846       0x34 Core/Src/fatfs_sd.o
 .debug_macro   0x000000000001487a       0x3c Core/Src/fatfs_sd.o
 .debug_macro   0x00000000000148b6       0x57 Core/Src/fatfs_sd.o
 .debug_macro   0x000000000001490d       0x88 Core/Src/fatfs_sd.o
 .debug_macro   0x0000000000014995      0x241 Core/Src/fatfs_sd.o
 .debug_macro   0x0000000000014bd6      0x141 Core/Src/fatfs_sd.o
 .debug_macro   0x0000000000014d17      0x217 Core/Src/fatfs_sd.o
 .debug_macro   0x0000000000014f2e      0x26b Core/Src/fatfs_sd.o
 .debug_macro   0x0000000000015199       0x83 Core/Src/fatfs_sd.o
 .debug_macro   0x000000000001521c       0x16 Core/Src/fatfs_sd.o
 .debug_macro   0x0000000000015232       0x7c Core/Src/fatfs_sd.o
 .debug_macro   0x00000000000152ae       0x9a Core/Src/fatfs_sd.o
 .debug_macro   0x0000000000015348      0x2cb Core/Src/main.o
 .debug_macro   0x0000000000015613       0x10 Core/Src/main.o
 .debug_macro   0x0000000000015623       0xde Core/Src/main.o
 .debug_macro   0x0000000000015701       0xf5 Core/Src/main.o
 .debug_macro   0x00000000000157f6       0x8e Core/Src/main.o
 .debug_macro   0x0000000000015884       0x52 Core/Src/main.o
 .debug_macro   0x00000000000158d6       0x18 Core/Src/main.o
 .debug_macro   0x00000000000158ee       0x3c Core/Src/main.o
 .debug_macro   0x000000000001592a       0x34 Core/Src/main.o
 .debug_macro   0x000000000001595e       0x16 Core/Src/main.o
 .debug_macro   0x0000000000015974       0x43 Core/Src/main.o
 .debug_macro   0x00000000000159b7       0x34 Core/Src/main.o
 .debug_macro   0x00000000000159eb       0x10 Core/Src/main.o
 .debug_macro   0x00000000000159fb       0x58 Core/Src/main.o
 .debug_macro   0x0000000000015a53       0x71 Core/Src/main.o
 .debug_macro   0x0000000000015ac4       0x1c Core/Src/main.o
 .debug_macro   0x0000000000015ae0      0x12a Core/Src/main.o
 .debug_macro   0x0000000000015c0a      0x333 Core/Src/main.o
 .debug_macro   0x0000000000015f3d       0x10 Core/Src/main.o
 .debug_macro   0x0000000000015f4d       0x35 Core/Src/main.o
 .debug_macro   0x0000000000015f82       0x20 Core/Src/main.o
 .debug_macro   0x0000000000015fa2      0x1a7 Core/Src/stm32f1xx_hal_msp.o
 .debug_macro   0x0000000000016149      0x1b1 Core/Src/stm32f1xx_it.o
 .debug_macro   0x00000000000162fa       0xff Core/Src/sysmem.o
 .debug_macro   0x00000000000163f9      0x23b Core/Src/sysmem.o
 .debug_macro   0x0000000000016634      0x198 Core/Src/system_stm32f1xx.o
 .debug_macro   0x00000000000167cc      0x1bc Drivers/STM32F1xx_HAL_Driver/Src/stm32f1xx_hal.o
 .debug_macro   0x0000000000016988      0x198 Drivers/STM32F1xx_HAL_Driver/Src/stm32f1xx_hal_cortex.o
 .debug_macro   0x0000000000016b20      0x203 Drivers/STM32F1xx_HAL_Driver/Src/stm32f1xx_hal_gpio.o
 .debug_macro   0x0000000000016d23      0x1aa Drivers/STM32F1xx_HAL_Driver/Src/stm32f1xx_hal_rcc.o
 .debug_macro   0x0000000000016ecd      0x1a0 Drivers/STM32F1xx_HAL_Driver/Src/stm32f1xx_hal_spi.o
 .debug_macro   0x000000000001706d      0x199 Drivers/STM32F1xx_HAL_Driver/Src/stm32f1xx_hal_uart.o
 .debug_macro   0x0000000000017206      0x1fa FATFS/App/fatfs.o
 .debug_macro   0x0000000000017400       0xd8 FATFS/App/fatfs.o
 .debug_macro   0x00000000000174d8      0x2b8 FATFS/Target/user_diskio.o
 .debug_macro   0x0000000000017790       0xbd FATFS/Target/user_diskio.o
 .debug_macro   0x000000000001784d       0x56 FATFS/Target/user_diskio.o
 .debug_macro   0x00000000000178a3      0x1e7 Middlewares/Third_Party/FatFs/src/diskio.o
 .debug_macro   0x0000000000017a8a      0x42e Middlewares/Third_Party/FatFs/src/ff.o
 .debug_macro   0x0000000000017eb8       0x58 Middlewares/Third_Party/FatFs/src/ff.o
 .debug_macro   0x0000000000017f10      0x1e7 Middlewares/Third_Party/FatFs/src/ff_gen_drv.o
 .debug_macro   0x00000000000180f7      0x1d5 Middlewares/Third_Party/FatFs/src/option/ccsbcs.o

.debug_line     0x0000000000000000     0xecf8
 .debug_line    0x0000000000000000      0xd77 Core/Src/fatfs_sd.o
 .debug_line    0x0000000000000d77      0xa51 Core/Src/main.o
 .debug_line    0x00000000000017c8      0x70a Core/Src/stm32f1xx_hal_msp.o
 .debug_line    0x0000000000001ed2      0x754 Core/Src/stm32f1xx_it.o
 .debug_line    0x0000000000002626      0x4f8 Core/Src/sysmem.o
 .debug_line    0x0000000000002b1e      0x6e1 Core/Src/system_stm32f1xx.o
 .debug_line    0x00000000000031ff       0x84 Core/Startup/startup_stm32f103c8tx.o
 .debug_line    0x0000000000003283      0x90e Drivers/STM32F1xx_HAL_Driver/Src/stm32f1xx_hal.o
 .debug_line    0x0000000000003b91      0xaf6 Drivers/STM32F1xx_HAL_Driver/Src/stm32f1xx_hal_cortex.o
 .debug_line    0x0000000000004687      0x9a5 Drivers/STM32F1xx_HAL_Driver/Src/stm32f1xx_hal_gpio.o
 .debug_line    0x000000000000502c      0xd1c Drivers/STM32F1xx_HAL_Driver/Src/stm32f1xx_hal_rcc.o
 .debug_line    0x0000000000005d48     0x1b86 Drivers/STM32F1xx_HAL_Driver/Src/stm32f1xx_hal_spi.o
 .debug_line    0x00000000000078ce     0x1718 Drivers/STM32F1xx_HAL_Driver/Src/stm32f1xx_hal_uart.o
 .debug_line    0x0000000000008fe6      0x6fe FATFS/App/fatfs.o
 .debug_line    0x00000000000096e4      0x890 FATFS/Target/user_diskio.o
 .debug_line    0x0000000000009f74      0x76f Middlewares/Third_Party/FatFs/src/diskio.o
 .debug_line    0x000000000000a6e3     0x3719 Middlewares/Third_Party/FatFs/src/ff.o
 .debug_line    0x000000000000ddfc      0x78c Middlewares/Third_Party/FatFs/src/ff_gen_drv.o
 .debug_line    0x000000000000e588      0x770 Middlewares/Third_Party/FatFs/src/option/ccsbcs.o

.debug_str      0x0000000000000000    0x84737
 .debug_str     0x0000000000000000    0x7dbd1 Core/Src/fatfs_sd.o
                                      0x7df98 (size before relaxing)
 .debug_str     0x000000000007dbd1     0x3d81 Core/Src/main.o
                                      0x81c9f (size before relaxing)
 .debug_str     0x0000000000081952       0xab Core/Src/stm32f1xx_hal_msp.o
                                      0x7dd65 (size before relaxing)
 .debug_str     0x00000000000819fd       0xd6 Core/Src/stm32f1xx_it.o
                                      0x7d7f6 (size before relaxing)
 .debug_str     0x0000000000081ad3      0x4e9 Core/Src/sysmem.o
                                       0x625b (size before relaxing)
 .debug_str     0x0000000000081fbc       0x52 Core/Src/system_stm32f1xx.o
                                      0x7d774 (size before relaxing)
 .debug_str     0x000000000008200e       0x36 Core/Startup/startup_stm32f103c8tx.o
                                         0x6f (size before relaxing)
 .debug_str     0x0000000000082044      0x55e Drivers/STM32F1xx_HAL_Driver/Src/stm32f1xx_hal.o
                                      0x7de05 (size before relaxing)
 .debug_str     0x00000000000825a2      0x300 Drivers/STM32F1xx_HAL_Driver/Src/stm32f1xx_hal_cortex.o
                                      0x7de0d (size before relaxing)
 .debug_str     0x00000000000828a2      0x324 Drivers/STM32F1xx_HAL_Driver/Src/stm32f1xx_hal_gpio.o
                                      0x7db38 (size before relaxing)
 .debug_str     0x0000000000082bc6      0x24f Drivers/STM32F1xx_HAL_Driver/Src/stm32f1xx_hal_rcc.o
                                      0x7db71 (size before relaxing)
 .debug_str     0x0000000000082e15      0x549 Drivers/STM32F1xx_HAL_Driver/Src/stm32f1xx_hal_spi.o
                                      0x7e079 (size before relaxing)
 .debug_str     0x000000000008335e      0x524 Drivers/STM32F1xx_HAL_Driver/Src/stm32f1xx_hal_uart.o
                                      0x7e077 (size before relaxing)
 .debug_str     0x0000000000083882       0x2f FATFS/App/fatfs.o
                                      0x7e061 (size before relaxing)
 .debug_str     0x00000000000838b1       0x6d FATFS/Target/user_diskio.o
                                      0x816eb (size before relaxing)
 .debug_str     0x000000000008391e       0x52 Middlewares/Third_Party/FatFs/src/diskio.o
                                      0x7df98 (size before relaxing)
 .debug_str     0x0000000000083970      0xcbb Middlewares/Third_Party/FatFs/src/ff.o
                                      0x7ee01 (size before relaxing)
 .debug_str     0x000000000008462b       0xa2 Middlewares/Third_Party/FatFs/src/ff_gen_drv.o
                                      0x7dfe9 (size before relaxing)
 .debug_str     0x00000000000846cd       0x6a Middlewares/Third_Party/FatFs/src/option/ccsbcs.o
                                      0x7dd89 (size before relaxing)

.comment        0x0000000000000000       0x53
 .comment       0x0000000000000000       0x53 Core/Src/fatfs_sd.o
                                         0x54 (size before relaxing)
 .comment       0x0000000000000053       0x54 Core/Src/main.o
 .comment       0x0000000000000053       0x54 Core/Src/stm32f1xx_hal_msp.o
 .comment       0x0000000000000053       0x54 Core/Src/stm32f1xx_it.o
 .comment       0x0000000000000053       0x54 Core/Src/sysmem.o
 .comment       0x0000000000000053       0x54 Core/Src/system_stm32f1xx.o
 .comment       0x0000000000000053       0x54 Drivers/STM32F1xx_HAL_Driver/Src/stm32f1xx_hal.o
 .comment       0x0000000000000053       0x54 Drivers/STM32F1xx_HAL_Driver/Src/stm32f1xx_hal_cortex.o
 .comment       0x0000000000000053       0x54 Drivers/STM32F1xx_HAL_Driver/Src/stm32f1xx_hal_gpio.o
 .comment       0x0000000000000053       0x54 Drivers/STM32F1xx_HAL_Driver/Src/stm32f1xx_hal_rcc.o
 .comment       0x0000000000000053       0x54 Drivers/STM32F1xx_HAL_Driver/Src/stm32f1xx_hal_spi.o
 .comment       0x0000000000000053       0x54 Drivers/STM32F1xx_HAL_Driver/Src/stm32f1xx_hal_uart.o
 .comment       0x0000000000000053       0x54 FATFS/App/fatfs.o
 .comment       0x0000000000000053       0x54 FATFS/Target/user_diskio.o
 .comment       0x0000000000000053       0x54 Middlewares/Third_Party/FatFs/src/diskio.o
 .comment       0x0000000000000053       0x54 Middlewares/Third_Party/FatFs/src/ff.o
 .comment       0x0000000000000053       0x54 Middlewares/Third_Party/FatFs/src/ff_gen_drv.o
 .comment       0x0000000000000053       0x54 Middlewares/Third_Party/FatFs/src/option/ccsbcs.o

.debug_frame    0x0000000000000000     0x32a8
 .debug_frame   0x0000000000000000      0x28c Core/Src/fatfs_sd.o
 .debug_frame   0x000000000000028c      0x140 Core/Src/main.o
 .debug_frame   0x00000000000003cc       0xc8 Core/Src/stm32f1xx_hal_msp.o
 .debug_frame   0x0000000000000494      0x12c Core/Src/stm32f1xx_it.o
 .debug_frame   0x00000000000005c0       0x34 Core/Src/sysmem.o
 .debug_frame   0x00000000000005f4       0x58 Core/Src/system_stm32f1xx.o
 .debug_frame   0x000000000000064c      0x334 Drivers/STM32F1xx_HAL_Driver/Src/stm32f1xx_hal.o
 .debug_frame   0x0000000000000980      0x428 Drivers/STM32F1xx_HAL_Driver/Src/stm32f1xx_hal_cortex.o
 .debug_frame   0x0000000000000da8      0x14c Drivers/STM32F1xx_HAL_Driver/Src/stm32f1xx_hal_gpio.o
 .debug_frame   0x0000000000000ef4      0x21c Drivers/STM32F1xx_HAL_Driver/Src/stm32f1xx_hal_rcc.o
 .debug_frame   0x0000000000001110      0x824 Drivers/STM32F1xx_HAL_Driver/Src/stm32f1xx_hal_spi.o
 .debug_frame   0x0000000000001934      0x834 Drivers/STM32F1xx_HAL_Driver/Src/stm32f1xx_hal_uart.o
 .debug_frame   0x0000000000002168       0x4c FATFS/App/fatfs.o
 .debug_frame   0x00000000000021b4       0xc4 FATFS/Target/user_diskio.o
 .debug_frame   0x0000000000002278       0xec Middlewares/Third_Party/FatFs/src/diskio.o
 .debug_frame   0x0000000000002364      0x9b0 Middlewares/Third_Party/FatFs/src/ff.o
 .debug_frame   0x0000000000002d14       0xc8 Middlewares/Third_Party/FatFs/src/ff_gen_drv.o
 .debug_frame   0x0000000000002ddc       0x60 Middlewares/Third_Party/FatFs/src/option/ccsbcs.o
 .debug_frame   0x0000000000002e3c       0x20 c:/st/stm32cubeide_1.6.0/stm32cubeide/plugins/com.st.stm32cube.ide.mcu.externaltools.gnu-tools-for-stm32.9-2020-q2-update.win32_1.5.0.202011040924/tools/bin/../lib/gcc/arm-none-eabi/9.3.1/../../../../arm-none-eabi/lib/thumb/v7-m/nofp\libc_nano.a(lib_a-errno.o)
 .debug_frame   0x0000000000002e5c       0x2c c:/st/stm32cubeide_1.6.0/stm32cubeide/plugins/com.st.stm32cube.ide.mcu.externaltools.gnu-tools-for-stm32.9-2020-q2-update.win32_1.5.0.202011040924/tools/bin/../lib/gcc/arm-none-eabi/9.3.1/../../../../arm-none-eabi/lib/thumb/v7-m/nofp\libc_nano.a(lib_a-init.o)
 .debug_frame   0x0000000000002e88       0x20 c:/st/stm32cubeide_1.6.0/stm32cubeide/plugins/com.st.stm32cube.ide.mcu.externaltools.gnu-tools-for-stm32.9-2020-q2-update.win32_1.5.0.202011040924/tools/bin/../lib/gcc/arm-none-eabi/9.3.1/../../../../arm-none-eabi/lib/thumb/v7-m/nofp\libc_nano.a(lib_a-memset.o)
 .debug_frame   0x0000000000002ea8       0x6c c:/st/stm32cubeide_1.6.0/stm32cubeide/plugins/com.st.stm32cube.ide.mcu.externaltools.gnu-tools-for-stm32.9-2020-q2-update.win32_1.5.0.202011040924/tools/bin/../lib/gcc/arm-none-eabi/9.3.1/../../../../arm-none-eabi/lib/thumb/v7-m/nofp\libc_nano.a(lib_a-sprintf.o)
 .debug_frame   0x0000000000002f14       0x90 c:/st/stm32cubeide_1.6.0/stm32cubeide/plugins/com.st.stm32cube.ide.mcu.externaltools.gnu-tools-for-stm32.9-2020-q2-update.win32_1.5.0.202011040924/tools/bin/../lib/gcc/arm-none-eabi/9.3.1/../../../../arm-none-eabi/lib/thumb/v7-m/nofp\libc_nano.a(lib_a-nano-svfprintf.o)
 .debug_frame   0x0000000000002fa4       0x60 c:/st/stm32cubeide_1.6.0/stm32cubeide/plugins/com.st.stm32cube.ide.mcu.externaltools.gnu-tools-for-stm32.9-2020-q2-update.win32_1.5.0.202011040924/tools/bin/../lib/gcc/arm-none-eabi/9.3.1/../../../../arm-none-eabi/lib/thumb/v7-m/nofp\libc_nano.a(lib_a-nano-vfprintf_i.o)
 .debug_frame   0x0000000000003004       0x28 c:/st/stm32cubeide_1.6.0/stm32cubeide/plugins/com.st.stm32cube.ide.mcu.externaltools.gnu-tools-for-stm32.9-2020-q2-update.win32_1.5.0.202011040924/tools/bin/../lib/gcc/arm-none-eabi/9.3.1/../../../../arm-none-eabi/lib/thumb/v7-m/nofp\libc_nano.a(lib_a-memchr-stub.o)
 .debug_frame   0x000000000000302c       0x28 c:/st/stm32cubeide_1.6.0/stm32cubeide/plugins/com.st.stm32cube.ide.mcu.externaltools.gnu-tools-for-stm32.9-2020-q2-update.win32_1.5.0.202011040924/tools/bin/../lib/gcc/arm-none-eabi/9.3.1/../../../../arm-none-eabi/lib/thumb/v7-m/nofp\libc_nano.a(lib_a-memcpy-stub.o)
 .debug_frame   0x0000000000003054       0x28 c:/st/stm32cubeide_1.6.0/stm32cubeide/plugins/com.st.stm32cube.ide.mcu.externaltools.gnu-tools-for-stm32.9-2020-q2-update.win32_1.5.0.202011040924/tools/bin/../lib/gcc/arm-none-eabi/9.3.1/../../../../arm-none-eabi/lib/thumb/v7-m/nofp\libc_nano.a(lib_a-memmove.o)
 .debug_frame   0x000000000000307c       0x38 c:/st/stm32cubeide_1.6.0/stm32cubeide/plugins/com.st.stm32cube.ide.mcu.externaltools.gnu-tools-for-stm32.9-2020-q2-update.win32_1.5.0.202011040924/tools/bin/../lib/gcc/arm-none-eabi/9.3.1/../../../../arm-none-eabi/lib/thumb/v7-m/nofp\libc_nano.a(lib_a-nano-freer.o)
 .debug_frame   0x00000000000030b4       0x30 c:/st/stm32cubeide_1.6.0/stm32cubeide/plugins/com.st.stm32cube.ide.mcu.externaltools.gnu-tools-for-stm32.9-2020-q2-update.win32_1.5.0.202011040924/tools/bin/../lib/gcc/arm-none-eabi/9.3.1/../../../../arm-none-eabi/lib/thumb/v7-m/nofp\libc_nano.a(lib_a-nano-mallocr.o)
 .debug_frame   0x00000000000030e4       0x3c c:/st/stm32cubeide_1.6.0/stm32cubeide/plugins/com.st.stm32cube.ide.mcu.externaltools.gnu-tools-for-stm32.9-2020-q2-update.win32_1.5.0.202011040924/tools/bin/../lib/gcc/arm-none-eabi/9.3.1/../../../../arm-none-eabi/lib/thumb/v7-m/nofp\libc_nano.a(lib_a-nano-reallocr.o)
 .debug_frame   0x0000000000003120       0x2c c:/st/stm32cubeide_1.6.0/stm32cubeide/plugins/com.st.stm32cube.ide.mcu.externaltools.gnu-tools-for-stm32.9-2020-q2-update.win32_1.5.0.202011040924/tools/bin/../lib/gcc/arm-none-eabi/9.3.1/../../../../arm-none-eabi/lib/thumb/v7-m/nofp\libc_nano.a(lib_a-sbrkr.o)
 .debug_frame   0x000000000000314c       0x30 c:/st/stm32cubeide_1.6.0/stm32cubeide/plugins/com.st.stm32cube.ide.mcu.externaltools.gnu-tools-for-stm32.9-2020-q2-update.win32_1.5.0.202011040924/tools/bin/../lib/gcc/arm-none-eabi/9.3.1/../../../../arm-none-eabi/lib/thumb/v7-m/nofp\libc_nano.a(lib_a-mlock.o)
 .debug_frame   0x000000000000317c       0x20 c:/st/stm32cubeide_1.6.0/stm32cubeide/plugins/com.st.stm32cube.ide.mcu.externaltools.gnu-tools-for-stm32.9-2020-q2-update.win32_1.5.0.202011040924/tools/bin/../lib/gcc/arm-none-eabi/9.3.1/../../../../arm-none-eabi/lib/thumb/v7-m/nofp\libc_nano.a(lib_a-nano-msizer.o)
 .debug_frame   0x000000000000319c       0x5c c:/st/stm32cubeide_1.6.0/stm32cubeide/plugins/com.st.stm32cube.ide.mcu.externaltools.gnu-tools-for-stm32.9-2020-q2-update.win32_1.5.0.202011040924/tools/bin/../lib/gcc/arm-none-eabi/9.3.1/../../../../arm-none-eabi/lib/thumb/v7-m/nofp\libc_nano.a(lib_a-reent.o)
 .debug_frame   0x00000000000031f8       0xb0 c:/st/stm32cubeide_1.6.0/stm32cubeide/plugins/com.st.stm32cube.ide.mcu.externaltools.gnu-tools-for-stm32.9-2020-q2-update.win32_1.5.0.202011040924/tools/bin/../lib/gcc/arm-none-eabi/9.3.1/../../../../arm-none-eabi/lib/thumb/v7-m/nofp\libc_nano.a(lib_a-lock.o)
